[    0.000000] Linux version 4.9.9 (root@ubuntu) (gcc version 4.6.3 (Ubuntu/Linaro 4.6.3-1ubuntu5) ) #1 SMP Fri Sep 29 09:10:07 PDT 2017
[    0.000000] Command line: BOOT_IMAGE=/boot/vmlinuz-4.9.9 root=UUID=740b87b0-2188-46fd-a7a2-79a7c6ffc903 ro quiet splash
[    0.000000] KERNEL supported cpus:
[    0.000000]   Intel GenuineIntel
[    0.000000]   AMD AuthenticAMD
[    0.000000]   Centaur CentaurHauls
[    0.000000] Disabled fast string operations
[    0.000000] x86/fpu: Supporting XSAVE feature 0x001: 'x87 floating point registers'
[    0.000000] x86/fpu: Supporting XSAVE feature 0x002: 'SSE registers'
[    0.000000] x86/fpu: Supporting XSAVE feature 0x004: 'AVX registers'
[    0.000000] x86/fpu: xstate_offset[2]:  576, xstate_sizes[2]:  256
[    0.000000] x86/fpu: Enabled xstate features 0x7, context size is 832 bytes, using 'standard' format.
[    0.000000] x86/fpu: Using 'eager' FPU context switches.
[    0.000000] e820: BIOS-provided physical RAM map:
[    0.000000] BIOS-e820: [mem 0x0000000000000000-0x000000000009e7ff] usable
[    0.000000] BIOS-e820: [mem 0x000000000009e800-0x000000000009ffff] reserved
[    0.000000] BIOS-e820: [mem 0x00000000000dc000-0x00000000000fffff] reserved
[    0.000000] BIOS-e820: [mem 0x0000000000100000-0x000000003fedffff] usable
[    0.000000] BIOS-e820: [mem 0x000000003fee0000-0x000000003fefefff] ACPI data
[    0.000000] BIOS-e820: [mem 0x000000003feff000-0x000000003fefffff] ACPI NVS
[    0.000000] BIOS-e820: [mem 0x000000003ff00000-0x000000003fffffff] usable
[    0.000000] BIOS-e820: [mem 0x00000000f0000000-0x00000000f7ffffff] reserved
[    0.000000] BIOS-e820: [mem 0x00000000fec00000-0x00000000fec0ffff] reserved
[    0.000000] BIOS-e820: [mem 0x00000000fee00000-0x00000000fee00fff] reserved
[    0.000000] BIOS-e820: [mem 0x00000000fffe0000-0x00000000ffffffff] reserved
[    0.000000] Notice: NX (Execute Disable) protection missing in CPU!
[    0.000000] SMBIOS 2.7 present.
[    0.000000] DMI: VMware, Inc. VMware Virtual Platform/440BX Desktop Reference Platform, BIOS 6.00 07/02/2015
[    0.000000] e820: update [mem 0x00000000-0x00000fff] usable ==> reserved
[    0.000000] e820: remove [mem 0x000a0000-0x000fffff] usable
[    0.000000] e820: last_pfn = 0x40000 max_arch_pfn = 0x400000000
[    0.000000] MTRR default type: uncachable
[    0.000000] MTRR fixed ranges enabled:
[    0.000000]   00000-9FFFF write-back
[    0.000000]   A0000-BFFFF uncachable
[    0.000000]   C0000-CFFFF write-protect
[    0.000000]   D0000-EFFFF uncachable
[    0.000000]   F0000-FFFFF write-protect
[    0.000000] MTRR variable ranges enabled:
[    0.000000]   0 base 000C0000000 mask 3FFC0000000 uncachable
[    0.000000]   1 base 00000000000 mask 3FF00000000 write-back
[    0.000000]   2 disabled
[    0.000000]   3 disabled
[    0.000000]   4 disabled
[    0.000000]   5 disabled
[    0.000000]   6 disabled
[    0.000000]   7 disabled
[    0.000000] x86/PAT: Configuration [0-7]: WB  WC  UC- UC  WB  WC  UC- WT  
[    0.000000] total RAM covered: 3072M
[    0.000000] Found optimal setting for mtrr clean up
[    0.000000]  gran_size: 64K 	chunk_size: 64K 	num_reg: 2  	lose cover RAM: 0G
[    0.000000] found SMP MP-table at [mem 0x000f6a80-0x000f6a8f] mapped at [ffff8800000f6a80]
[    0.000000] Scanning 1 areas for low memory corruption
[    0.000000] Base memory trampoline at [ffff880000098000] 98000 size 24576
[    0.000000] BRK [0x01faa000, 0x01faafff] PGTABLE
[    0.000000] BRK [0x01fab000, 0x01fabfff] PGTABLE
[    0.000000] BRK [0x01fac000, 0x01facfff] PGTABLE
[    0.000000] BRK [0x01fad000, 0x01fadfff] PGTABLE
[    0.000000] RAMDISK: [mem 0x26d6a000-0x2f6acfff]
[    0.000000] ACPI: Early table checksum verification disabled
[    0.000000] ACPI: RSDP 0x00000000000F6A10 000024 (v02 PTLTD )
[    0.000000] ACPI: XSDT 0x000000003FEEA65B 00005C (v01 INTEL  440BX    06040000 VMW  01324272)
[    0.000000] ACPI: FACP 0x000000003FEFEE73 0000F4 (v04 INTEL  440BX    06040000 PTL  000F4240)
[    0.000000] ACPI: DSDT 0x000000003FEEC3FC 012A77 (v01 PTLTD  Custom   06040000 MSFT 03000001)
[    0.000000] ACPI: FACS 0x000000003FEFFFC0 000040
[    0.000000] ACPI: FACS 0x000000003FEFFFC0 000040
[    0.000000] ACPI: BOOT 0x000000003FEEC3D4 000028 (v01 PTLTD  $SBFTBL$ 06040000  LTP 00000001)
[    0.000000] ACPI: APIC 0x000000003FEEB8BD 000742 (v01 PTLTD  ? APIC   06040000  LTP 00000000)
[    0.000000] ACPI: MCFG 0x000000003FEEB881 00003C (v01 PTLTD  $PCITBL$ 06040000  LTP 00000001)
[    0.000000] ACPI: SRAT 0x000000003FEEA757 0008A8 (v02 VMWARE MEMPLUG  06040000 VMW  00000001)
[    0.000000] ACPI: HPET 0x000000003FEEA71F 000038 (v01 VMWARE VMW HPET 06040000 VMW  00000001)
[    0.000000] ACPI: WAET 0x000000003FEEA6F7 000028 (v01 VMWARE VMW WAET 06040000 VMW  00000001)
[    0.000000] ACPI: Local APIC address 0xfee00000
[    0.000000] system APIC only can use physical flat
[    0.000000] Setting APIC routing to physical flat.
[    0.000000] SRAT: PXM 0 -> APIC 0x00 -> Node 0
[    0.000000] SRAT: PXM 0 -> APIC 0x02 -> Node 0
[    0.000000] SRAT: PXM 0 -> APIC 0x04 -> Node 0
[    0.000000] SRAT: PXM 0 -> APIC 0x06 -> Node 0
[    0.000000] SRAT: PXM 0 -> APIC 0x08 -> Node 0
[    0.000000] SRAT: PXM 0 -> APIC 0x0a -> Node 0
[    0.000000] SRAT: PXM 0 -> APIC 0x0c -> Node 0
[    0.000000] SRAT: PXM 0 -> APIC 0x0e -> Node 0
[    0.000000] SRAT: PXM 0 -> APIC 0x10 -> Node 0
[    0.000000] SRAT: PXM 0 -> APIC 0x12 -> Node 0
[    0.000000] SRAT: PXM 0 -> APIC 0x14 -> Node 0
[    0.000000] SRAT: PXM 0 -> APIC 0x16 -> Node 0
[    0.000000] SRAT: PXM 0 -> APIC 0x18 -> Node 0
[    0.000000] SRAT: PXM 0 -> APIC 0x1a -> Node 0
[    0.000000] SRAT: PXM 0 -> APIC 0x1c -> Node 0
[    0.000000] SRAT: PXM 0 -> APIC 0x1e -> Node 0
[    0.000000] SRAT: PXM 0 -> APIC 0x20 -> Node 0
[    0.000000] SRAT: PXM 0 -> APIC 0x22 -> Node 0
[    0.000000] SRAT: PXM 0 -> APIC 0x24 -> Node 0
[    0.000000] SRAT: PXM 0 -> APIC 0x26 -> Node 0
[    0.000000] SRAT: PXM 0 -> APIC 0x28 -> Node 0
[    0.000000] SRAT: PXM 0 -> APIC 0x2a -> Node 0
[    0.000000] SRAT: PXM 0 -> APIC 0x2c -> Node 0
[    0.000000] SRAT: PXM 0 -> APIC 0x2e -> Node 0
[    0.000000] SRAT: PXM 0 -> APIC 0x30 -> Node 0
[    0.000000] SRAT: PXM 0 -> APIC 0x32 -> Node 0
[    0.000000] SRAT: PXM 0 -> APIC 0x34 -> Node 0
[    0.000000] SRAT: PXM 0 -> APIC 0x36 -> Node 0
[    0.000000] SRAT: PXM 0 -> APIC 0x38 -> Node 0
[    0.000000] SRAT: PXM 0 -> APIC 0x3a -> Node 0
[    0.000000] SRAT: PXM 0 -> APIC 0x3c -> Node 0
[    0.000000] SRAT: PXM 0 -> APIC 0x3e -> Node 0
[    0.000000] SRAT: PXM 0 -> APIC 0x40 -> Node 0
[    0.000000] SRAT: PXM 0 -> APIC 0x42 -> Node 0
[    0.000000] SRAT: PXM 0 -> APIC 0x44 -> Node 0
[    0.000000] SRAT: PXM 0 -> APIC 0x46 -> Node 0
[    0.000000] SRAT: PXM 0 -> APIC 0x48 -> Node 0
[    0.000000] SRAT: PXM 0 -> APIC 0x4a -> Node 0
[    0.000000] SRAT: PXM 0 -> APIC 0x4c -> Node 0
[    0.000000] SRAT: PXM 0 -> APIC 0x4e -> Node 0
[    0.000000] SRAT: PXM 0 -> APIC 0x50 -> Node 0
[    0.000000] SRAT: PXM 0 -> APIC 0x52 -> Node 0
[    0.000000] SRAT: PXM 0 -> APIC 0x54 -> Node 0
[    0.000000] SRAT: PXM 0 -> APIC 0x56 -> Node 0
[    0.000000] SRAT: PXM 0 -> APIC 0x58 -> Node 0
[    0.000000] SRAT: PXM 0 -> APIC 0x5a -> Node 0
[    0.000000] SRAT: PXM 0 -> APIC 0x5c -> Node 0
[    0.000000] SRAT: PXM 0 -> APIC 0x5e -> Node 0
[    0.000000] SRAT: PXM 0 -> APIC 0x60 -> Node 0
[    0.000000] SRAT: PXM 0 -> APIC 0x62 -> Node 0
[    0.000000] SRAT: PXM 0 -> APIC 0x64 -> Node 0
[    0.000000] SRAT: PXM 0 -> APIC 0x66 -> Node 0
[    0.000000] SRAT: PXM 0 -> APIC 0x68 -> Node 0
[    0.000000] SRAT: PXM 0 -> APIC 0x6a -> Node 0
[    0.000000] SRAT: PXM 0 -> APIC 0x6c -> Node 0
[    0.000000] SRAT: PXM 0 -> APIC 0x6e -> Node 0
[    0.000000] SRAT: PXM 0 -> APIC 0x70 -> Node 0
[    0.000000] SRAT: PXM 0 -> APIC 0x72 -> Node 0
[    0.000000] SRAT: PXM 0 -> APIC 0x74 -> Node 0
[    0.000000] SRAT: PXM 0 -> APIC 0x76 -> Node 0
[    0.000000] SRAT: PXM 0 -> APIC 0x78 -> Node 0
[    0.000000] SRAT: PXM 0 -> APIC 0x7a -> Node 0
[    0.000000] SRAT: PXM 0 -> APIC 0x7c -> Node 0
[    0.000000] SRAT: PXM 0 -> APIC 0x7e -> Node 0
[    0.000000] SRAT: PXM 0 -> APIC 0x80 -> Node 0
[    0.000000] SRAT: PXM 0 -> APIC 0x82 -> Node 0
[    0.000000] SRAT: PXM 0 -> APIC 0x84 -> Node 0
[    0.000000] SRAT: PXM 0 -> APIC 0x86 -> Node 0
[    0.000000] SRAT: PXM 0 -> APIC 0x88 -> Node 0
[    0.000000] SRAT: PXM 0 -> APIC 0x8a -> Node 0
[    0.000000] SRAT: PXM 0 -> APIC 0x8c -> Node 0
[    0.000000] SRAT: PXM 0 -> APIC 0x8e -> Node 0
[    0.000000] SRAT: PXM 0 -> APIC 0x90 -> Node 0
[    0.000000] SRAT: PXM 0 -> APIC 0x92 -> Node 0
[    0.000000] SRAT: PXM 0 -> APIC 0x94 -> Node 0
[    0.000000] SRAT: PXM 0 -> APIC 0x96 -> Node 0
[    0.000000] SRAT: PXM 0 -> APIC 0x98 -> Node 0
[    0.000000] SRAT: PXM 0 -> APIC 0x9a -> Node 0
[    0.000000] SRAT: PXM 0 -> APIC 0x9c -> Node 0
[    0.000000] SRAT: PXM 0 -> APIC 0x9e -> Node 0
[    0.000000] SRAT: PXM 0 -> APIC 0xa0 -> Node 0
[    0.000000] SRAT: PXM 0 -> APIC 0xa2 -> Node 0
[    0.000000] SRAT: PXM 0 -> APIC 0xa4 -> Node 0
[    0.000000] SRAT: PXM 0 -> APIC 0xa6 -> Node 0
[    0.000000] SRAT: PXM 0 -> APIC 0xa8 -> Node 0
[    0.000000] SRAT: PXM 0 -> APIC 0xaa -> Node 0
[    0.000000] SRAT: PXM 0 -> APIC 0xac -> Node 0
[    0.000000] SRAT: PXM 0 -> APIC 0xae -> Node 0
[    0.000000] SRAT: PXM 0 -> APIC 0xb0 -> Node 0
[    0.000000] SRAT: PXM 0 -> APIC 0xb2 -> Node 0
[    0.000000] SRAT: PXM 0 -> APIC 0xb4 -> Node 0
[    0.000000] SRAT: PXM 0 -> APIC 0xb6 -> Node 0
[    0.000000] SRAT: PXM 0 -> APIC 0xb8 -> Node 0
[    0.000000] SRAT: PXM 0 -> APIC 0xba -> Node 0
[    0.000000] SRAT: PXM 0 -> APIC 0xbc -> Node 0
[    0.000000] SRAT: PXM 0 -> APIC 0xbe -> Node 0
[    0.000000] SRAT: PXM 0 -> APIC 0xc0 -> Node 0
[    0.000000] SRAT: PXM 0 -> APIC 0xc2 -> Node 0
[    0.000000] SRAT: PXM 0 -> APIC 0xc4 -> Node 0
[    0.000000] SRAT: PXM 0 -> APIC 0xc6 -> Node 0
[    0.000000] SRAT: PXM 0 -> APIC 0xc8 -> Node 0
[    0.000000] SRAT: PXM 0 -> APIC 0xca -> Node 0
[    0.000000] SRAT: PXM 0 -> APIC 0xcc -> Node 0
[    0.000000] SRAT: PXM 0 -> APIC 0xce -> Node 0
[    0.000000] SRAT: PXM 0 -> APIC 0xd0 -> Node 0
[    0.000000] SRAT: PXM 0 -> APIC 0xd2 -> Node 0
[    0.000000] SRAT: PXM 0 -> APIC 0xd4 -> Node 0
[    0.000000] SRAT: PXM 0 -> APIC 0xd6 -> Node 0
[    0.000000] SRAT: PXM 0 -> APIC 0xd8 -> Node 0
[    0.000000] SRAT: PXM 0 -> APIC 0xda -> Node 0
[    0.000000] SRAT: PXM 0 -> APIC 0xdc -> Node 0
[    0.000000] SRAT: PXM 0 -> APIC 0xde -> Node 0
[    0.000000] SRAT: PXM 0 -> APIC 0xe0 -> Node 0
[    0.000000] SRAT: PXM 0 -> APIC 0xe2 -> Node 0
[    0.000000] SRAT: PXM 0 -> APIC 0xe4 -> Node 0
[    0.000000] SRAT: PXM 0 -> APIC 0xe6 -> Node 0
[    0.000000] SRAT: PXM 0 -> APIC 0xe8 -> Node 0
[    0.000000] SRAT: PXM 0 -> APIC 0xea -> Node 0
[    0.000000] SRAT: PXM 0 -> APIC 0xec -> Node 0
[    0.000000] SRAT: PXM 0 -> APIC 0xee -> Node 0
[    0.000000] SRAT: PXM 0 -> APIC 0xf0 -> Node 0
[    0.000000] SRAT: PXM 0 -> APIC 0xf2 -> Node 0
[    0.000000] SRAT: PXM 0 -> APIC 0xf4 -> Node 0
[    0.000000] SRAT: PXM 0 -> APIC 0xf6 -> Node 0
[    0.000000] SRAT: PXM 0 -> APIC 0xf8 -> Node 0
[    0.000000] SRAT: PXM 0 -> APIC 0xfa -> Node 0
[    0.000000] SRAT: PXM 0 -> APIC 0xfc -> Node 0
[    0.000000] SRAT: PXM 0 -> APIC 0xfe -> Node 0
[    0.000000] ACPI: SRAT: Node 0 PXM 0 [mem 0x00000000-0x0009ffff]
[    0.000000] ACPI: SRAT: Node 0 PXM 0 [mem 0x00100000-0x3fffffff]
[    0.000000] ACPI: SRAT: Node 0 PXM 0 [mem 0x40000000-0xbfffffff] hotplug
[    0.000000] NUMA: Node 0 [mem 0x00000000-0x0009ffff] + [mem 0x00100000-0x3fffffff] -> [mem 0x00000000-0x3fffffff]
[    0.000000] NODE_DATA(0) allocated [mem 0x3fffc000-0x3fffffff]
[    0.000000] Zone ranges:
[    0.000000]   DMA      [mem 0x0000000000001000-0x0000000000ffffff]
[    0.000000]   DMA32    [mem 0x0000000001000000-0x000000003fffffff]
[    0.000000]   Normal   empty
[    0.000000] Movable zone start for each node
[    0.000000] Early memory node ranges
[    0.000000]   node   0: [mem 0x0000000000001000-0x000000000009dfff]
[    0.000000]   node   0: [mem 0x0000000000100000-0x000000003fedffff]
[    0.000000]   node   0: [mem 0x000000003ff00000-0x000000003fffffff]
[    0.000000] Initmem setup node 0 [mem 0x0000000000001000-0x000000003fffffff]
[    0.000000] On node 0 totalpages: 262013
[    0.000000]   DMA zone: 64 pages used for memmap
[    0.000000]   DMA zone: 21 pages reserved
[    0.000000]   DMA zone: 3997 pages, LIFO batch:0
[    0.000000]   DMA32 zone: 4032 pages used for memmap
[    0.000000]   DMA32 zone: 258016 pages, LIFO batch:31
[    0.000000] ACPI: PM-Timer IO Port: 0x1008
[    0.000000] ACPI: Local APIC address 0xfee00000
[    0.000000] system APIC only can use physical flat
[    0.000000] ACPI: LAPIC_NMI (acpi_id[0x00] high edge lint[0x1])
[    0.000000] ACPI: LAPIC_NMI (acpi_id[0x01] high edge lint[0x1])
[    0.000000] ACPI: LAPIC_NMI (acpi_id[0x02] high edge lint[0x1])
[    0.000000] ACPI: LAPIC_NMI (acpi_id[0x03] high edge lint[0x1])
[    0.000000] ACPI: LAPIC_NMI (acpi_id[0x04] high edge lint[0x1])
[    0.000000] ACPI: LAPIC_NMI (acpi_id[0x05] high edge lint[0x1])
[    0.000000] ACPI: LAPIC_NMI (acpi_id[0x06] high edge lint[0x1])
[    0.000000] ACPI: LAPIC_NMI (acpi_id[0x07] high edge lint[0x1])
[    0.000000] ACPI: LAPIC_NMI (acpi_id[0x08] high edge lint[0x1])
[    0.000000] ACPI: LAPIC_NMI (acpi_id[0x09] high edge lint[0x1])
[    0.000000] ACPI: LAPIC_NMI (acpi_id[0x0a] high edge lint[0x1])
[    0.000000] ACPI: LAPIC_NMI (acpi_id[0x0b] high edge lint[0x1])
[    0.000000] ACPI: LAPIC_NMI (acpi_id[0x0c] high edge lint[0x1])
[    0.000000] ACPI: LAPIC_NMI (acpi_id[0x0d] high edge lint[0x1])
[    0.000000] ACPI: LAPIC_NMI (acpi_id[0x0e] high edge lint[0x1])
[    0.000000] ACPI: LAPIC_NMI (acpi_id[0x0f] high edge lint[0x1])
[    0.000000] ACPI: LAPIC_NMI (acpi_id[0x10] high edge lint[0x1])
[    0.000000] ACPI: LAPIC_NMI (acpi_id[0x11] high edge lint[0x1])
[    0.000000] ACPI: LAPIC_NMI (acpi_id[0x12] high edge lint[0x1])
[    0.000000] ACPI: LAPIC_NMI (acpi_id[0x13] high edge lint[0x1])
[    0.000000] ACPI: LAPIC_NMI (acpi_id[0x14] high edge lint[0x1])
[    0.000000] ACPI: LAPIC_NMI (acpi_id[0x15] high edge lint[0x1])
[    0.000000] ACPI: LAPIC_NMI (acpi_id[0x16] high edge lint[0x1])
[    0.000000] ACPI: LAPIC_NMI (acpi_id[0x17] high edge lint[0x1])
[    0.000000] ACPI: LAPIC_NMI (acpi_id[0x18] high edge lint[0x1])
[    0.000000] ACPI: LAPIC_NMI (acpi_id[0x19] high edge lint[0x1])
[    0.000000] ACPI: LAPIC_NMI (acpi_id[0x1a] high edge lint[0x1])
[    0.000000] ACPI: LAPIC_NMI (acpi_id[0x1b] high edge lint[0x1])
[    0.000000] ACPI: LAPIC_NMI (acpi_id[0x1c] high edge lint[0x1])
[    0.000000] ACPI: LAPIC_NMI (acpi_id[0x1d] high edge lint[0x1])
[    0.000000] ACPI: LAPIC_NMI (acpi_id[0x1e] high edge lint[0x1])
[    0.000000] ACPI: LAPIC_NMI (acpi_id[0x1f] high edge lint[0x1])
[    0.000000] ACPI: LAPIC_NMI (acpi_id[0x20] high edge lint[0x1])
[    0.000000] ACPI: LAPIC_NMI (acpi_id[0x21] high edge lint[0x1])
[    0.000000] ACPI: LAPIC_NMI (acpi_id[0x22] high edge lint[0x1])
[    0.000000] ACPI: LAPIC_NMI (acpi_id[0x23] high edge lint[0x1])
[    0.000000] ACPI: LAPIC_NMI (acpi_id[0x24] high edge lint[0x1])
[    0.000000] ACPI: LAPIC_NMI (acpi_id[0x25] high edge lint[0x1])
[    0.000000] ACPI: LAPIC_NMI (acpi_id[0x26] high edge lint[0x1])
[    0.000000] ACPI: LAPIC_NMI (acpi_id[0x27] high edge lint[0x1])
[    0.000000] ACPI: LAPIC_NMI (acpi_id[0x28] high edge lint[0x1])
[    0.000000] ACPI: LAPIC_NMI (acpi_id[0x29] high edge lint[0x1])
[    0.000000] ACPI: LAPIC_NMI (acpi_id[0x2a] high edge lint[0x1])
[    0.000000] ACPI: LAPIC_NMI (acpi_id[0x2b] high edge lint[0x1])
[    0.000000] ACPI: LAPIC_NMI (acpi_id[0x2c] high edge lint[0x1])
[    0.000000] ACPI: LAPIC_NMI (acpi_id[0x2d] high edge lint[0x1])
[    0.000000] ACPI: LAPIC_NMI (acpi_id[0x2e] high edge lint[0x1])
[    0.000000] ACPI: LAPIC_NMI (acpi_id[0x2f] high edge lint[0x1])
[    0.000000] ACPI: LAPIC_NMI (acpi_id[0x30] high edge lint[0x1])
[    0.000000] ACPI: LAPIC_NMI (acpi_id[0x31] high edge lint[0x1])
[    0.000000] ACPI: LAPIC_NMI (acpi_id[0x32] high edge lint[0x1])
[    0.000000] ACPI: LAPIC_NMI (acpi_id[0x33] high edge lint[0x1])
[    0.000000] ACPI: LAPIC_NMI (acpi_id[0x34] high edge lint[0x1])
[    0.000000] ACPI: LAPIC_NMI (acpi_id[0x35] high edge lint[0x1])
[    0.000000] ACPI: LAPIC_NMI (acpi_id[0x36] high edge lint[0x1])
[    0.000000] ACPI: LAPIC_NMI (acpi_id[0x37] high edge lint[0x1])
[    0.000000] ACPI: LAPIC_NMI (acpi_id[0x38] high edge lint[0x1])
[    0.000000] ACPI: LAPIC_NMI (acpi_id[0x39] high edge lint[0x1])
[    0.000000] ACPI: LAPIC_NMI (acpi_id[0x3a] high edge lint[0x1])
[    0.000000] ACPI: LAPIC_NMI (acpi_id[0x3b] high edge lint[0x1])
[    0.000000] ACPI: LAPIC_NMI (acpi_id[0x3c] high edge lint[0x1])
[    0.000000] ACPI: LAPIC_NMI (acpi_id[0x3d] high edge lint[0x1])
[    0.000000] ACPI: LAPIC_NMI (acpi_id[0x3e] high edge lint[0x1])
[    0.000000] ACPI: LAPIC_NMI (acpi_id[0x3f] high edge lint[0x1])
[    0.000000] ACPI: LAPIC_NMI (acpi_id[0x40] high edge lint[0x1])
[    0.000000] ACPI: LAPIC_NMI (acpi_id[0x41] high edge lint[0x1])
[    0.000000] ACPI: LAPIC_NMI (acpi_id[0x42] high edge lint[0x1])
[    0.000000] ACPI: LAPIC_NMI (acpi_id[0x43] high edge lint[0x1])
[    0.000000] ACPI: LAPIC_NMI (acpi_id[0x44] high edge lint[0x1])
[    0.000000] ACPI: LAPIC_NMI (acpi_id[0x45] high edge lint[0x1])
[    0.000000] ACPI: LAPIC_NMI (acpi_id[0x46] high edge lint[0x1])
[    0.000000] ACPI: LAPIC_NMI (acpi_id[0x47] high edge lint[0x1])
[    0.000000] ACPI: LAPIC_NMI (acpi_id[0x48] high edge lint[0x1])
[    0.000000] ACPI: LAPIC_NMI (acpi_id[0x49] high edge lint[0x1])
[    0.000000] ACPI: LAPIC_NMI (acpi_id[0x4a] high edge lint[0x1])
[    0.000000] ACPI: LAPIC_NMI (acpi_id[0x4b] high edge lint[0x1])
[    0.000000] ACPI: LAPIC_NMI (acpi_id[0x4c] high edge lint[0x1])
[    0.000000] ACPI: LAPIC_NMI (acpi_id[0x4d] high edge lint[0x1])
[    0.000000] ACPI: LAPIC_NMI (acpi_id[0x4e] high edge lint[0x1])
[    0.000000] ACPI: LAPIC_NMI (acpi_id[0x4f] high edge lint[0x1])
[    0.000000] ACPI: LAPIC_NMI (acpi_id[0x50] high edge lint[0x1])
[    0.000000] ACPI: LAPIC_NMI (acpi_id[0x51] high edge lint[0x1])
[    0.000000] ACPI: LAPIC_NMI (acpi_id[0x52] high edge lint[0x1])
[    0.000000] ACPI: LAPIC_NMI (acpi_id[0x53] high edge lint[0x1])
[    0.000000] ACPI: LAPIC_NMI (acpi_id[0x54] high edge lint[0x1])
[    0.000000] ACPI: LAPIC_NMI (acpi_id[0x55] high edge lint[0x1])
[    0.000000] ACPI: LAPIC_NMI (acpi_id[0x56] high edge lint[0x1])
[    0.000000] ACPI: LAPIC_NMI (acpi_id[0x57] high edge lint[0x1])
[    0.000000] ACPI: LAPIC_NMI (acpi_id[0x58] high edge lint[0x1])
[    0.000000] ACPI: LAPIC_NMI (acpi_id[0x59] high edge lint[0x1])
[    0.000000] ACPI: LAPIC_NMI (acpi_id[0x5a] high edge lint[0x1])
[    0.000000] ACPI: LAPIC_NMI (acpi_id[0x5b] high edge lint[0x1])
[    0.000000] ACPI: LAPIC_NMI (acpi_id[0x5c] high edge lint[0x1])
[    0.000000] ACPI: LAPIC_NMI (acpi_id[0x5d] high edge lint[0x1])
[    0.000000] ACPI: LAPIC_NMI (acpi_id[0x5e] high edge lint[0x1])
[    0.000000] ACPI: LAPIC_NMI (acpi_id[0x5f] high edge lint[0x1])
[    0.000000] ACPI: LAPIC_NMI (acpi_id[0x60] high edge lint[0x1])
[    0.000000] ACPI: LAPIC_NMI (acpi_id[0x61] high edge lint[0x1])
[    0.000000] ACPI: LAPIC_NMI (acpi_id[0x62] high edge lint[0x1])
[    0.000000] ACPI: LAPIC_NMI (acpi_id[0x63] high edge lint[0x1])
[    0.000000] ACPI: LAPIC_NMI (acpi_id[0x64] high edge lint[0x1])
[    0.000000] ACPI: LAPIC_NMI (acpi_id[0x65] high edge lint[0x1])
[    0.000000] ACPI: LAPIC_NMI (acpi_id[0x66] high edge lint[0x1])
[    0.000000] ACPI: LAPIC_NMI (acpi_id[0x67] high edge lint[0x1])
[    0.000000] ACPI: LAPIC_NMI (acpi_id[0x68] high edge lint[0x1])
[    0.000000] ACPI: LAPIC_NMI (acpi_id[0x69] high edge lint[0x1])
[    0.000000] ACPI: LAPIC_NMI (acpi_id[0x6a] high edge lint[0x1])
[    0.000000] ACPI: LAPIC_NMI (acpi_id[0x6b] high edge lint[0x1])
[    0.000000] ACPI: LAPIC_NMI (acpi_id[0x6c] high edge lint[0x1])
[    0.000000] ACPI: LAPIC_NMI (acpi_id[0x6d] high edge lint[0x1])
[    0.000000] ACPI: LAPIC_NMI (acpi_id[0x6e] high edge lint[0x1])
[    0.000000] ACPI: LAPIC_NMI (acpi_id[0x6f] high edge lint[0x1])
[    0.000000] ACPI: LAPIC_NMI (acpi_id[0x70] high edge lint[0x1])
[    0.000000] ACPI: LAPIC_NMI (acpi_id[0x71] high edge lint[0x1])
[    0.000000] ACPI: LAPIC_NMI (acpi_id[0x72] high edge lint[0x1])
[    0.000000] ACPI: LAPIC_NMI (acpi_id[0x73] high edge lint[0x1])
[    0.000000] ACPI: LAPIC_NMI (acpi_id[0x74] high edge lint[0x1])
[    0.000000] ACPI: LAPIC_NMI (acpi_id[0x75] high edge lint[0x1])
[    0.000000] ACPI: LAPIC_NMI (acpi_id[0x76] high edge lint[0x1])
[    0.000000] ACPI: LAPIC_NMI (acpi_id[0x77] high edge lint[0x1])
[    0.000000] ACPI: LAPIC_NMI (acpi_id[0x78] high edge lint[0x1])
[    0.000000] ACPI: LAPIC_NMI (acpi_id[0x79] high edge lint[0x1])
[    0.000000] ACPI: LAPIC_NMI (acpi_id[0x7a] high edge lint[0x1])
[    0.000000] ACPI: LAPIC_NMI (acpi_id[0x7b] high edge lint[0x1])
[    0.000000] ACPI: LAPIC_NMI (acpi_id[0x7c] high edge lint[0x1])
[    0.000000] ACPI: LAPIC_NMI (acpi_id[0x7d] high edge lint[0x1])
[    0.000000] ACPI: LAPIC_NMI (acpi_id[0x7e] high edge lint[0x1])
[    0.000000] ACPI: LAPIC_NMI (acpi_id[0x7f] high edge lint[0x1])
[    0.000000] IOAPIC[0]: apic_id 1, version 17, address 0xfec00000, GSI 0-23
[    0.000000] ACPI: INT_SRC_OVR (bus 0 bus_irq 0 global_irq 2 high edge)
[    0.000000] ACPI: IRQ0 used by override.
[    0.000000] ACPI: IRQ9 used by override.
[    0.000000] Using ACPI (MADT) for SMP configuration information
[    0.000000] ACPI: HPET id: 0x8086af01 base: 0xfed00000
[    0.000000] smpboot: Allowing 128 CPUs, 126 hotplug CPUs
[    0.000000] PM: Registered nosave memory: [mem 0x00000000-0x00000fff]
[    0.000000] PM: Registered nosave memory: [mem 0x0009e000-0x0009efff]
[    0.000000] PM: Registered nosave memory: [mem 0x0009f000-0x0009ffff]
[    0.000000] PM: Registered nosave memory: [mem 0x000a0000-0x000dbfff]
[    0.000000] PM: Registered nosave memory: [mem 0x000dc000-0x000fffff]
[    0.000000] PM: Registered nosave memory: [mem 0x3fee0000-0x3fefefff]
[    0.000000] PM: Registered nosave memory: [mem 0x3feff000-0x3fefffff]
[    0.000000] e820: [mem 0x40000000-0xefffffff] available for PCI devices
[    0.000000] clocksource: refined-jiffies: mask: 0xffffffff max_cycles: 0xffffffff, max_idle_ns: 7645519600211568 ns
[    0.000000] setup_percpu: NR_CPUS:256 nr_cpumask_bits:256 nr_cpu_ids:128 nr_node_ids:1
[    0.000000] percpu: Embedded 34 pages/cpu @ffff88003c600000 s102360 r8192 d28712 u262144
[    0.000000] pcpu-alloc: s102360 r8192 d28712 u262144 alloc=1*2097152
[    0.000000] pcpu-alloc: [0] 000 001 002 003 004 005 006 007 
[    0.000000] pcpu-alloc: [0] 008 009 010 011 012 013 014 015 
[    0.000000] pcpu-alloc: [0] 016 017 018 019 020 021 022 023 
[    0.000000] pcpu-alloc: [0] 024 025 026 027 028 029 030 031 
[    0.000000] pcpu-alloc: [0] 032 033 034 035 036 037 038 039 
[    0.000000] pcpu-alloc: [0] 040 041 042 043 044 045 046 047 
[    0.000000] pcpu-alloc: [0] 048 049 050 051 052 053 054 055 
[    0.000000] pcpu-alloc: [0] 056 057 058 059 060 061 062 063 
[    0.000000] pcpu-alloc: [0] 064 065 066 067 068 069 070 071 
[    0.000000] pcpu-alloc: [0] 072 073 074 075 076 077 078 079 
[    0.000000] pcpu-alloc: [0] 080 081 082 083 084 085 086 087 
[    0.000000] pcpu-alloc: [0] 088 089 090 091 092 093 094 095 
[    0.000000] pcpu-alloc: [0] 096 097 098 099 100 101 102 103 
[    0.000000] pcpu-alloc: [0] 104 105 106 107 108 109 110 111 
[    0.000000] pcpu-alloc: [0] 112 113 114 115 116 117 118 119 
[    0.000000] pcpu-alloc: [0] 120 121 122 123 124 125 126 127 
[    0.000000] Built 1 zonelists in Node order, mobility grouping on.  Total pages: 257896
[    0.000000] Policy zone: DMA32
[    0.000000] Kernel command line: BOOT_IMAGE=/boot/vmlinuz-4.9.9 root=UUID=740b87b0-2188-46fd-a7a2-79a7c6ffc903 ro quiet splash
[    0.000000] log_buf_len individual max cpu contribution: 4096 bytes
[    0.000000] log_buf_len total cpu_extra contributions: 520192 bytes
[    0.000000] log_buf_len min size: 262144 bytes
[    0.000000] log_buf_len: 1048576 bytes
[    0.000000] early log buf free: 237432(90%)
[    0.000000] PID hash table entries: 4096 (order: 3, 32768 bytes)
[    0.000000] Calgary: detecting Calgary via BIOS EBDA area
[    0.000000] Calgary: Unable to locate Rio Grande table in EBDA - bailing!
[    0.000000] Memory: 856460K/1048052K available (7714K kernel code, 1206K rwdata, 3268K rodata, 1352K init, 1148K bss, 191592K reserved, 0K cma-reserved)
[    0.000000] SLUB: HWalign=64, Order=0-3, MinObjects=0, CPUs=128, Nodes=1
[    0.000000] Hierarchical RCU implementation.
[    0.000000] 	Build-time adjustment of leaf fanout to 64.
[    0.000000] 	RCU restricting CPUs from NR_CPUS=256 to nr_cpu_ids=128.
[    0.000000] RCU: Adjusting geometry for rcu_fanout_leaf=64, nr_cpu_ids=128
[    0.000000] NR_IRQS:16640 nr_irqs:1448 16
[    0.000000] Console: colour VGA+ 80x25
[    0.000000] console [tty0] enabled
[    0.000000] clocksource: hpet: mask: 0xffffffff max_cycles: 0xffffffff, max_idle_ns: 133484882848 ns
[    0.000000] hpet clockevent registered
[    0.000000] tsc: Fast TSC calibration using PIT
[    0.000000] tsc: Detected 2493.585 MHz processor
[    0.000184] Calibrating delay loop (skipped), value calculated using timer frequency.. 4987.17 BogoMIPS (lpj=9974340)
[    0.000194] pid_max: default: 131072 minimum: 1024
[    0.000229] ACPI: Core revision 20160831
[    0.001602] ACPI: 1 ACPI AML tables successfully acquired and loaded
[    0.001656] Security Framework initialized
[    0.001658] Yama: becoming mindful.
[    0.001668] AppArmor: AppArmor initialized
[    0.001731] Dentry cache hash table entries: 131072 (order: 8, 1048576 bytes)
[    0.001819] Inode-cache hash table entries: 65536 (order: 7, 524288 bytes)
[    0.001881] Mount-cache hash table entries: 2048 (order: 2, 16384 bytes)
[    0.001885] Mountpoint-cache hash table entries: 2048 (order: 2, 16384 bytes)
[    0.002275] Disabled fast string operations
[    0.002294] CPU: Physical Processor ID: 0
[    0.002356] ENERGY_PERF_BIAS: Set to 'normal', was 'performance'
[    0.002358] ENERGY_PERF_BIAS: View and update with x86_energy_perf_policy(8)
[    0.002393] mce: CPU supports 0 MCE banks
[    0.002462] Last level iTLB entries: 4KB 512, 2MB 8, 4MB 8
[    0.002463] Last level dTLB entries: 4KB 512, 2MB 32, 4MB 32, 1GB 0
[    0.002526] Freeing SMP alternatives memory: 28K (ffffffff81e81000 - ffffffff81e88000)
[    0.002651] ftrace: allocating 30180 entries in 118 pages
[    0.017781] smpboot: Max logical packages: 128
[    0.017843] x2apic: IRQ remapping doesn't support X2APIC mode
[    0.018173] ..TIMER: vector=0x30 apic1=0 pin1=2 apic2=-1 pin2=-1
[    0.057987] TSC deadline timer enabled
[    0.058044] smpboot: CPU0: Intel(R) Core(TM) i5-3210M CPU @ 2.50GHz (family: 0x6, model: 0x3a, stepping: 0x9)
[    0.058050] Performance Events: IvyBridge events, core PMU driver.
[    0.058161] core: CPUID marked event: 'cpu cycles' unavailable
[    0.058162] core: CPUID marked event: 'instructions' unavailable
[    0.058163] core: CPUID marked event: 'bus cycles' unavailable
[    0.058164] core: CPUID marked event: 'cache references' unavailable
[    0.058165] core: CPUID marked event: 'cache misses' unavailable
[    0.058166] core: CPUID marked event: 'branch instructions' unavailable
[    0.058167] core: CPUID marked event: 'branch misses' unavailable
[    0.058186] ... version:                1
[    0.058187] ... bit width:              48
[    0.058188] ... generic registers:      4
[    0.058190] ... value mask:             0000ffffffffffff
[    0.058191] ... max period:             000000007fffffff
[    0.058191] ... fixed-purpose events:   0
[    0.058192] ... event mask:             000000000000000f
[    0.062021] NMI watchdog: disabled (cpu0): hardware events not enabled
[    0.062023] NMI watchdog: Shutting down hard lockup detector on all cpus
[    0.072021] x86: Booting SMP configuration:
[    0.072024] .... node  #0, CPUs:          #1
[    0.073111] Disabled fast string operations
[    0.073202] mce: CPU supports 0 MCE banks
[    0.073267] smpboot: CPU 1 Converting physical 2 to logical package 1
[    0.170521] x86: Booted up 1 node, 2 CPUs
[    0.170528] smpboot: Total of 2 processors activated (9985.25 BogoMIPS)
[    0.172908] devtmpfs: initialized
[    0.173019] x86/mm: Memory block size: 128MB
[    0.174263] evm: security.selinux
[    0.174263] evm: security.SMACK64
[    0.174264] evm: security.capability
[    0.174367] PM: Registering ACPI NVS region [mem 0x3feff000-0x3fefffff] (4096 bytes)
[    0.174508] clocksource: jiffies: mask: 0xffffffff max_cycles: 0xffffffff, max_idle_ns: 7645041785100000 ns
[    0.175121] RTC time: 11:41:51, date: 09/30/17
[    0.175803] NET: Registered protocol family 16
[    0.186384] cpuidle: using governor ladder
[    0.202480] cpuidle: using governor menu
[    0.202513] Simple Boot Flag at 0x36 set to 0x80
[    0.202559] ACPI: bus type PCI registered
[    0.203011] PCI: MMCONFIG for domain 0000 [bus 00-7f] at [mem 0xf0000000-0xf7ffffff] (base 0xf0000000)
[    0.203014] PCI: MMCONFIG at [mem 0xf0000000-0xf7ffffff] reserved in E820
[    0.203023] PCI: Using configuration type 1 for base access
[    0.203213] core: PMU erratum BJ122, BV98, HSD29 workaround disabled, HT off
[    0.215628] HugeTLB registered 2 MB page size, pre-allocated 0 pages
[    0.217417] ACPI: Added _OSI(Module Device)
[    0.217419] ACPI: Added _OSI(Processor Device)
[    0.217420] ACPI: Added _OSI(3.0 _SCP Extensions)
[    0.217422] ACPI: Added _OSI(Processor Aggregator Device)
[    0.221619] ACPI: [Firmware Bug]: BIOS _OSI(Linux) query ignored
[    0.238392] ACPI: Interpreter enabled
[    0.238408] ACPI: (supports S0 S1 S4 S5)
[    0.238409] ACPI: Using IOAPIC for interrupt routing
[    0.238436] PCI: Using host bridge windows from ACPI; if necessary, use "pci=nocrs" and report a bug
[    0.311514] ACPI: PCI Root Bridge [PCI0] (domain 0000 [bus 00-7f])
[    0.311521] acpi PNP0A03:00: _OSC: OS supports [ExtendedConfig ASPM ClockPM Segments MSI]
[    0.311694] acpi PNP0A03:00: _OSC: platform does not support [AER]
[    0.311862] acpi PNP0A03:00: _OSC: OS now controls [PCIeHotplug PME PCIeCapability]
[    0.312454] PCI host bridge to bus 0000:00
[    0.312456] pci_bus 0000:00: root bus resource [mem 0x000a0000-0x000bffff window]
[    0.312458] pci_bus 0000:00: root bus resource [mem 0x000d0000-0x000d3fff window]
[    0.312459] pci_bus 0000:00: root bus resource [mem 0x000d4000-0x000d7fff window]
[    0.312461] pci_bus 0000:00: root bus resource [mem 0x000d8000-0x000dbfff window]
[    0.312462] pci_bus 0000:00: root bus resource [mem 0xc0000000-0xfebfffff window]
[    0.312463] pci_bus 0000:00: root bus resource [io  0x0000-0x0cf7 window]
[    0.312465] pci_bus 0000:00: root bus resource [io  0x0d00-0xfeff window]
[    0.312466] pci_bus 0000:00: root bus resource [bus 00-7f]
[    0.312523] pci 0000:00:00.0: [8086:7190] type 00 class 0x060000
[    0.313290] pci 0000:00:01.0: [8086:7191] type 01 class 0x060400
[    0.313837] pci 0000:00:07.0: [8086:7110] type 00 class 0x060100
[    0.314617] pci 0000:00:07.1: [8086:7111] type 00 class 0x01018a
[    0.316091] pci 0000:00:07.1: reg 0x20: [io  0x1060-0x106f]
[    0.316731] pci 0000:00:07.1: legacy IDE quirk: reg 0x10: [io  0x01f0-0x01f7]
[    0.316732] pci 0000:00:07.1: legacy IDE quirk: reg 0x14: [io  0x03f6]
[    0.316734] pci 0000:00:07.1: legacy IDE quirk: reg 0x18: [io  0x0170-0x0177]
[    0.316735] pci 0000:00:07.1: legacy IDE quirk: reg 0x1c: [io  0x0376]
[    0.316964] pci 0000:00:07.3: [8086:7113] type 00 class 0x068000
[    0.318912] pci 0000:00:07.3: quirk: [io  0x1000-0x103f] claimed by PIIX4 ACPI
[    0.318926] pci 0000:00:07.3: quirk: [io  0x1040-0x104f] claimed by PIIX4 SMB
[    0.319443] pci 0000:00:07.7: [15ad:0740] type 00 class 0x088000
[    0.320229] pci 0000:00:07.7: reg 0x10: [io  0x1080-0x10bf]
[    0.320915] pci 0000:00:07.7: reg 0x14: [mem 0xfebfe000-0xfebfffff 64bit]
[    0.323940] pci 0000:00:0f.0: [15ad:0405] type 00 class 0x030000
[    0.326732] pci 0000:00:0f.0: reg 0x10: [io  0x1070-0x107f]
[    0.327914] pci 0000:00:0f.0: reg 0x14: [mem 0xe8000000-0xefffffff pref]
[    0.330087] pci 0000:00:0f.0: reg 0x18: [mem 0xfe000000-0xfe7fffff]
[    0.338355] pci 0000:00:0f.0: reg 0x30: [mem 0x00000000-0x00007fff pref]
[    0.338797] pci 0000:00:10.0: [1000:0030] type 00 class 0x010000
[    0.339780] pci 0000:00:10.0: reg 0x10: [io  0x1400-0x14ff]
[    0.341003] pci 0000:00:10.0: reg 0x14: [mem 0xfeba0000-0xfebbffff 64bit]
[    0.342067] pci 0000:00:10.0: reg 0x1c: [mem 0xfebc0000-0xfebdffff 64bit]
[    0.343936] pci 0000:00:10.0: reg 0x30: [mem 0x00000000-0x00003fff pref]
[    0.344423] pci 0000:00:11.0: [15ad:0790] type 01 class 0x060401
[    0.345022] pci 0000:00:11.0: System wakeup disabled by ACPI
[    0.345258] pci 0000:00:15.0: [15ad:07a0] type 01 class 0x060400
[    0.345964] pci 0000:00:15.0: PME# supported from D0 D3hot D3cold
[    0.346150] pci 0000:00:15.0: System wakeup disabled by ACPI
[    0.346316] pci 0000:00:15.1: [15ad:07a0] type 01 class 0x060400
[    0.347053] pci 0000:00:15.1: PME# supported from D0 D3hot D3cold
[    0.347239] pci 0000:00:15.1: System wakeup disabled by ACPI
[    0.347371] pci 0000:00:15.2: [15ad:07a0] type 01 class 0x060400
[    0.348071] pci 0000:00:15.2: PME# supported from D0 D3hot D3cold
[    0.348256] pci 0000:00:15.2: System wakeup disabled by ACPI
[    0.348420] pci 0000:00:15.3: [15ad:07a0] type 01 class 0x060400
[    0.349134] pci 0000:00:15.3: PME# supported from D0 D3hot D3cold
[    0.349340] pci 0000:00:15.3: System wakeup disabled by ACPI
[    0.349502] pci 0000:00:15.4: [15ad:07a0] type 01 class 0x060400
[    0.350204] pci 0000:00:15.4: PME# supported from D0 D3hot D3cold
[    0.350388] pci 0000:00:15.4: System wakeup disabled by ACPI
[    0.350649] pci 0000:00:15.5: [15ad:07a0] type 01 class 0x060400
[    0.350682] pci 0000:00:15.5: PME# supported from D0 D3hot D3cold
[    0.350925] pci 0000:00:15.5: System wakeup disabled by ACPI
[    0.351106] pci 0000:00:15.6: [15ad:07a0] type 01 class 0x060400
[    0.351808] pci 0000:00:15.6: PME# supported from D0 D3hot D3cold
[    0.351993] pci 0000:00:15.6: System wakeup disabled by ACPI
[    0.352163] pci 0000:00:15.7: [15ad:07a0] type 01 class 0x060400
[    0.352866] pci 0000:00:15.7: PME# supported from D0 D3hot D3cold
[    0.353071] pci 0000:00:15.7: System wakeup disabled by ACPI
[    0.353201] pci 0000:00:16.0: [15ad:07a0] type 01 class 0x060400
[    0.353905] pci 0000:00:16.0: PME# supported from D0 D3hot D3cold
[    0.354083] pci 0000:00:16.0: System wakeup disabled by ACPI
[    0.354245] pci 0000:00:16.1: [15ad:07a0] type 01 class 0x060400
[    0.354908] pci 0000:00:16.1: PME# supported from D0 D3hot D3cold
[    0.354910] pci 0000:00:16.1: System wakeup disabled by ACPI
[    0.354912] pci 0000:00:16.2: [15ad:07a0] type 01 class 0x060400
[    0.355054] pci 0000:00:16.2: PME# supported from D0 D3hot D3cold
[    0.355228] pci 0000:00:16.2: System wakeup disabled by ACPI
[    0.355351] pci 0000:00:16.3: [15ad:07a0] type 01 class 0x060400
[    0.356008] pci 0000:00:16.3: PME# supported from D0 D3hot D3cold
[    0.356180] pci 0000:00:16.3: System wakeup disabled by ACPI
[    0.356334] pci 0000:00:16.4: [15ad:07a0] type 01 class 0x060400
[    0.356990] pci 0000:00:16.4: PME# supported from D0 D3hot D3cold
[    0.357164] pci 0000:00:16.4: System wakeup disabled by ACPI
[    0.357467] pci 0000:00:16.5: [15ad:07a0] type 01 class 0x060400
[    0.358124] pci 0000:00:16.5: PME# supported from D0 D3hot D3cold
[    0.358296] pci 0000:00:16.5: System wakeup disabled by ACPI
[    0.358418] pci 0000:00:16.6: [15ad:07a0] type 01 class 0x060400
[    0.358482] pci 0000:00:16.6: PME# supported from D0 D3hot D3cold
[    0.358538] pci 0000:00:16.6: System wakeup disabled by ACPI
[    0.358630] pci 0000:00:16.7: [15ad:07a0] type 01 class 0x060400
[    0.359142] pci 0000:00:16.7: PME# supported from D0 D3hot D3cold
[    0.359315] pci 0000:00:16.7: System wakeup disabled by ACPI
[    0.359489] pci 0000:00:17.0: [15ad:07a0] type 01 class 0x060400
[    0.360146] pci 0000:00:17.0: PME# supported from D0 D3hot D3cold
[    0.360318] pci 0000:00:17.0: System wakeup disabled by ACPI
[    0.360439] pci 0000:00:17.1: [15ad:07a0] type 01 class 0x060400
[    0.361094] pci 0000:00:17.1: PME# supported from D0 D3hot D3cold
[    0.361266] pci 0000:00:17.1: System wakeup disabled by ACPI
[    0.361445] pci 0000:00:17.2: [15ad:07a0] type 01 class 0x060400
[    0.362102] pci 0000:00:17.2: PME# supported from D0 D3hot D3cold
[    0.362275] pci 0000:00:17.2: System wakeup disabled by ACPI
[    0.362427] pci 0000:00:17.3: [15ad:07a0] type 01 class 0x060400
[    0.362491] pci 0000:00:17.3: PME# supported from D0 D3hot D3cold
[    0.362597] pci 0000:00:17.3: System wakeup disabled by ACPI
[    0.362640] pci 0000:00:17.4: [15ad:07a0] type 01 class 0x060400
[    0.363148] pci 0000:00:17.4: PME# supported from D0 D3hot D3cold
[    0.363320] pci 0000:00:17.4: System wakeup disabled by ACPI
[    0.363613] pci 0000:00:17.5: [15ad:07a0] type 01 class 0x060400
[    0.364270] pci 0000:00:17.5: PME# supported from D0 D3hot D3cold
[    0.364443] pci 0000:00:17.5: System wakeup disabled by ACPI
[    0.364596] pci 0000:00:17.6: [15ad:07a0] type 01 class 0x060400
[    0.365253] pci 0000:00:17.6: PME# supported from D0 D3hot D3cold
[    0.365447] pci 0000:00:17.6: System wakeup disabled by ACPI
[    0.365578] pci 0000:00:17.7: [15ad:07a0] type 01 class 0x060400
[    0.366236] pci 0000:00:17.7: PME# supported from D0 D3hot D3cold
[    0.366409] pci 0000:00:17.7: System wakeup disabled by ACPI
[    0.366562] pci 0000:00:18.0: [15ad:07a0] type 01 class 0x060400
[    0.366610] pci 0000:00:18.0: PME# supported from D0 D3hot D3cold
[    0.366653] pci 0000:00:18.0: System wakeup disabled by ACPI
[    0.366723] pci 0000:00:18.1: [15ad:07a0] type 01 class 0x060400
[    0.367303] pci 0000:00:18.1: PME# supported from D0 D3hot D3cold
[    0.367476] pci 0000:00:18.1: System wakeup disabled by ACPI
[    0.367598] pci 0000:00:18.2: [15ad:07a0] type 01 class 0x060400
[    0.368255] pci 0000:00:18.2: PME# supported from D0 D3hot D3cold
[    0.368427] pci 0000:00:18.2: System wakeup disabled by ACPI
[    0.368599] pci 0000:00:18.3: [15ad:07a0] type 01 class 0x060400
[    0.369257] pci 0000:00:18.3: PME# supported from D0 D3hot D3cold
[    0.369449] pci 0000:00:18.3: System wakeup disabled by ACPI
[    0.369614] pci 0000:00:18.4: [15ad:07a0] type 01 class 0x060400
[    0.370269] pci 0000:00:18.4: PME# supported from D0 D3hot D3cold
[    0.370441] pci 0000:00:18.4: System wakeup disabled by ACPI
[    0.370684] pci 0000:00:18.5: [15ad:07a0] type 01 class 0x060400
[    0.370719] pci 0000:00:18.5: PME# supported from D0 D3hot D3cold
[    0.370750] pci 0000:00:18.5: System wakeup disabled by ACPI
[    0.370801] pci 0000:00:18.6: [15ad:07a0] type 01 class 0x060400
[    0.371419] pci 0000:00:18.6: PME# supported from D0 D3hot D3cold
[    0.371692] pci 0000:00:18.6: System wakeup disabled by ACPI
[    0.371859] pci 0000:00:18.7: [15ad:07a0] type 01 class 0x060400
[    0.372579] pci 0000:00:18.7: PME# supported from D0 D3hot D3cold
[    0.372764] pci 0000:00:18.7: System wakeup disabled by ACPI
[    0.373454] pci 0000:00:01.0: PCI bridge to [bus 01]
[    0.373748] pci 0000:02:00.0: [15ad:0774] type 00 class 0x0c0300
[    0.375076] pci 0000:02:00.0: reg 0x20: [io  0x2080-0x209f]
[    0.375971] pci 0000:02:00.0: System wakeup disabled by ACPI
[    0.376082] pci 0000:02:01.0: [8086:100f] type 00 class 0x020000
[    0.377298] pci 0000:02:01.0: reg 0x10: [mem 0xfd5c0000-0xfd5dffff 64bit]
[    0.378370] pci 0000:02:01.0: reg 0x18: [mem 0xfdff0000-0xfdffffff 64bit]
[    0.378997] pci 0000:02:01.0: reg 0x20: [io  0x2000-0x203f]
[    0.381451] pci 0000:02:01.0: reg 0x30: [mem 0x00000000-0x0000ffff pref]
[    0.382121] pci 0000:02:01.0: System wakeup disabled by ACPI
[    0.382266] pci 0000:02:02.0: [1274:1371] type 00 class 0x040100
[    0.382791] pci 0000:02:02.0: reg 0x10: [io  0x2040-0x207f]
[    0.385669] pci 0000:02:02.0: System wakeup disabled by ACPI
[    0.385845] pci 0000:02:03.0: [15ad:0770] type 00 class 0x0c0320
[    0.386380] pci 0000:02:03.0: reg 0x10: [mem 0xfd5ef000-0xfd5effff]
[    0.389355] pci 0000:02:03.0: System wakeup disabled by ACPI
[    0.389493] pci 0000:02:05.0: [15ad:07e0] type 00 class 0x010601
[    0.392115] pci 0000:02:05.0: reg 0x24: [mem 0xfd5ee000-0xfd5eefff]
[    0.392573] pci 0000:02:05.0: reg 0x30: [mem 0x00000000-0x0000ffff pref]
[    0.392984] pci 0000:02:05.0: PME# supported from D3hot
[    0.393135] pci 0000:02:05.0: System wakeup disabled by ACPI
[    0.393607] pci 0000:00:11.0: PCI bridge to [bus 02] (subtractive decode)
[    0.393631] pci 0000:00:11.0:   bridge window [io  0x2000-0x3fff]
[    0.393654] pci 0000:00:11.0:   bridge window [mem 0xfd500000-0xfdffffff]
[    0.393697] pci 0000:00:11.0:   bridge window [mem 0xe7b00000-0xe7ffffff 64bit pref]
[    0.393699] pci 0000:00:11.0:   bridge window [mem 0x000a0000-0x000bffff window] (subtractive decode)
[    0.393701] pci 0000:00:11.0:   bridge window [mem 0x000d0000-0x000d3fff window] (subtractive decode)
[    0.393702] pci 0000:00:11.0:   bridge window [mem 0x000d4000-0x000d7fff window] (subtractive decode)
[    0.393704] pci 0000:00:11.0:   bridge window [mem 0x000d8000-0x000dbfff window] (subtractive decode)
[    0.393705] pci 0000:00:11.0:   bridge window [mem 0xc0000000-0xfebfffff window] (subtractive decode)
[    0.393707] pci 0000:00:11.0:   bridge window [io  0x0000-0x0cf7 window] (subtractive decode)
[    0.393708] pci 0000:00:11.0:   bridge window [io  0x0d00-0xfeff window] (subtractive decode)
[    0.394030] pci 0000:00:15.0: PCI bridge to [bus 03]
[    0.394053] pci 0000:00:15.0:   bridge window [io  0x4000-0x4fff]
[    0.394075] pci 0000:00:15.0:   bridge window [mem 0xfd400000-0xfd4fffff]
[    0.394118] pci 0000:00:15.0:   bridge window [mem 0xe7a00000-0xe7afffff 64bit pref]
[    0.394461] pci 0000:00:15.1: PCI bridge to [bus 04]
[    0.394483] pci 0000:00:15.1:   bridge window [io  0x8000-0x8fff]
[    0.394506] pci 0000:00:15.1:   bridge window [mem 0xfd000000-0xfd0fffff]
[    0.394548] pci 0000:00:15.1:   bridge window [mem 0xe7600000-0xe76fffff 64bit pref]
[    0.394885] pci 0000:00:15.2: PCI bridge to [bus 05]
[    0.394907] pci 0000:00:15.2:   bridge window [io  0xc000-0xcfff]
[    0.394930] pci 0000:00:15.2:   bridge window [mem 0xfcc00000-0xfccfffff]
[    0.394972] pci 0000:00:15.2:   bridge window [mem 0xe7200000-0xe72fffff 64bit pref]
[    0.394984] pci 0000:00:15.3: PCI bridge to [bus 06]
[    0.394994] pci 0000:00:15.3:   bridge window [mem 0xfc800000-0xfc8fffff]
[    0.395003] pci 0000:00:15.3:   bridge window [mem 0xe6e00000-0xe6efffff 64bit pref]
[    0.395017] pci 0000:00:15.4: PCI bridge to [bus 07]
[    0.395023] pci 0000:00:15.4:   bridge window [mem 0xfc400000-0xfc4fffff]
[    0.395028] pci 0000:00:15.4:   bridge window [mem 0xe6a00000-0xe6afffff 64bit pref]
[    0.395033] pci 0000:00:15.5: PCI bridge to [bus 08]
[    0.395036] pci 0000:00:15.5:   bridge window [mem 0xfc000000-0xfc0fffff]
[    0.395040] pci 0000:00:15.5:   bridge window [mem 0xe6600000-0xe66fffff 64bit pref]
[    0.395043] pci 0000:00:15.6: PCI bridge to [bus 09]
[    0.395046] pci 0000:00:15.6:   bridge window [mem 0xfbc00000-0xfbcfffff]
[    0.395048] pci 0000:00:15.6:   bridge window [mem 0xe6200000-0xe62fffff 64bit pref]
[    0.395050] pci 0000:00:15.7: PCI bridge to [bus 0a]
[    0.395052] pci 0000:00:15.7:   bridge window [mem 0xfb800000-0xfb8fffff]
[    0.395053] pci 0000:00:15.7:   bridge window [mem 0xe5e00000-0xe5efffff 64bit pref]
[    0.395146] pci 0000:00:16.0: PCI bridge to [bus 0b]
[    0.395169] pci 0000:00:16.0:   bridge window [io  0x5000-0x5fff]
[    0.395191] pci 0000:00:16.0:   bridge window [mem 0xfd300000-0xfd3fffff]
[    0.395234] pci 0000:00:16.0:   bridge window [mem 0xe7900000-0xe79fffff 64bit pref]
[    0.395541] pci 0000:00:16.1: PCI bridge to [bus 0c]
[    0.395563] pci 0000:00:16.1:   bridge window [io  0x9000-0x9fff]
[    0.395586] pci 0000:00:16.1:   bridge window [mem 0xfcf00000-0xfcffffff]
[    0.395629] pci 0000:00:16.1:   bridge window [mem 0xe7500000-0xe75fffff 64bit pref]
[    0.395952] pci 0000:00:16.2: PCI bridge to [bus 0d]
[    0.395974] pci 0000:00:16.2:   bridge window [io  0xd000-0xdfff]
[    0.395997] pci 0000:00:16.2:   bridge window [mem 0xfcb00000-0xfcbfffff]
[    0.396039] pci 0000:00:16.2:   bridge window [mem 0xe7100000-0xe71fffff 64bit pref]
[    0.396345] pci 0000:00:16.3: PCI bridge to [bus 0e]
[    0.396387] pci 0000:00:16.3:   bridge window [mem 0xfc700000-0xfc7fffff]
[    0.396429] pci 0000:00:16.3:   bridge window [mem 0xe6d00000-0xe6dfffff 64bit pref]
[    0.396768] pci 0000:00:16.4: PCI bridge to [bus 0f]
[    0.396810] pci 0000:00:16.4:   bridge window [mem 0xfc300000-0xfc3fffff]
[    0.396853] pci 0000:00:16.4:   bridge window [mem 0xe6900000-0xe69fffff 64bit pref]
[    0.397159] pci 0000:00:16.5: PCI bridge to [bus 10]
[    0.397201] pci 0000:00:16.5:   bridge window [mem 0xfbf00000-0xfbffffff]
[    0.397243] pci 0000:00:16.5:   bridge window [mem 0xe6500000-0xe65fffff 64bit pref]
[    0.397745] pci 0000:00:16.6: PCI bridge to [bus 11]
[    0.397803] pci 0000:00:16.6:   bridge window [mem 0xfbb00000-0xfbbfffff]
[    0.397854] pci 0000:00:16.6:   bridge window [mem 0xe6100000-0xe61fffff 64bit pref]
[    0.398207] pci 0000:00:16.7: PCI bridge to [bus 12]
[    0.398249] pci 0000:00:16.7:   bridge window [mem 0xfb700000-0xfb7fffff]
[    0.398291] pci 0000:00:16.7:   bridge window [mem 0xe5d00000-0xe5dfffff 64bit pref]
[    0.398618] pci 0000:00:17.0: PCI bridge to [bus 13]
[    0.398640] pci 0000:00:17.0:   bridge window [io  0x6000-0x6fff]
[    0.398663] pci 0000:00:17.0:   bridge window [mem 0xfd200000-0xfd2fffff]
[    0.398705] pci 0000:00:17.0:   bridge window [mem 0xe7800000-0xe78fffff 64bit pref]
[    0.399011] pci 0000:00:17.1: PCI bridge to [bus 14]
[    0.399034] pci 0000:00:17.1:   bridge window [io  0xa000-0xafff]
[    0.399056] pci 0000:00:17.1:   bridge window [mem 0xfce00000-0xfcefffff]
[    0.399059] pci 0000:00:17.1:   bridge window [mem 0xe7400000-0xe74fffff 64bit pref]
[    0.399061] pci 0000:00:17.2: PCI bridge to [bus 15]
[    0.399062] pci 0000:00:17.2:   bridge window [io  0xe000-0xefff]
[    0.399064] pci 0000:00:17.2:   bridge window [mem 0xfca00000-0xfcafffff]
[    0.399065] pci 0000:00:17.2:   bridge window [mem 0xe7000000-0xe70fffff 64bit pref]
[    0.399068] pci 0000:00:17.3: PCI bridge to [bus 16]
[    0.399068] pci 0000:00:17.3:   bridge window [mem 0xfc600000-0xfc6fffff]
[    0.399069] pci 0000:00:17.3:   bridge window [mem 0xe6c00000-0xe6cfffff 64bit pref]
[    0.399252] pci 0000:00:17.4: PCI bridge to [bus 17]
[    0.399294] pci 0000:00:17.4:   bridge window [mem 0xfc200000-0xfc2fffff]
[    0.399337] pci 0000:00:17.4:   bridge window [mem 0xe6800000-0xe68fffff 64bit pref]
[    0.399643] pci 0000:00:17.5: PCI bridge to [bus 18]
[    0.399698] pci 0000:00:17.5:   bridge window [mem 0xfbe00000-0xfbefffff]
[    0.399742] pci 0000:00:17.5:   bridge window [mem 0xe6400000-0xe64fffff 64bit pref]
[    0.400135] pci 0000:00:17.6: PCI bridge to [bus 19]
[    0.400177] pci 0000:00:17.6:   bridge window [mem 0xfba00000-0xfbafffff]
[    0.400220] pci 0000:00:17.6:   bridge window [mem 0xe6000000-0xe60fffff 64bit pref]
[    0.400527] pci 0000:00:17.7: PCI bridge to [bus 1a]
[    0.400569] pci 0000:00:17.7:   bridge window [mem 0xfb600000-0xfb6fffff]
[    0.400611] pci 0000:00:17.7:   bridge window [mem 0xe5c00000-0xe5cfffff 64bit pref]
[    0.400916] pci 0000:00:18.0: PCI bridge to [bus 1b]
[    0.400938] pci 0000:00:18.0:   bridge window [io  0x7000-0x7fff]
[    0.400961] pci 0000:00:18.0:   bridge window [mem 0xfd100000-0xfd1fffff]
[    0.401003] pci 0000:00:18.0:   bridge window [mem 0xe7700000-0xe77fffff 64bit pref]
[    0.401331] pci 0000:00:18.1: PCI bridge to [bus 1c]
[    0.401354] pci 0000:00:18.1:   bridge window [io  0xb000-0xbfff]
[    0.401376] pci 0000:00:18.1:   bridge window [mem 0xfcd00000-0xfcdfffff]
[    0.401419] pci 0000:00:18.1:   bridge window [mem 0xe7300000-0xe73fffff 64bit pref]
[    0.401798] pci 0000:00:18.2: PCI bridge to [bus 1d]
[    0.401838] pci 0000:00:18.2:   bridge window [mem 0xfc900000-0xfc9fffff]
[    0.401878] pci 0000:00:18.2:   bridge window [mem 0xe6f00000-0xe6ffffff 64bit pref]
[    0.402175] pci 0000:00:18.3: PCI bridge to [bus 1e]
[    0.402215] pci 0000:00:18.3:   bridge window [mem 0xfc500000-0xfc5fffff]
[    0.402255] pci 0000:00:18.3:   bridge window [mem 0xe6b00000-0xe6bfffff 64bit pref]
[    0.402543] pci 0000:00:18.4: PCI bridge to [bus 1f]
[    0.402583] pci 0000:00:18.4:   bridge window [mem 0xfc100000-0xfc1fffff]
[    0.402622] pci 0000:00:18.4:   bridge window [mem 0xe6700000-0xe67fffff 64bit pref]
[    0.402909] pci 0000:00:18.5: PCI bridge to [bus 20]
[    0.402948] pci 0000:00:18.5:   bridge window [mem 0xfbd00000-0xfbdfffff]
[    0.402988] pci 0000:00:18.5:   bridge window [mem 0xe6300000-0xe63fffff 64bit pref]
[    0.403066] pci 0000:00:18.6: PCI bridge to [bus 21]
[    0.403068] pci 0000:00:18.6:   bridge window [mem 0xfb900000-0xfb9fffff]
[    0.403070] pci 0000:00:18.6:   bridge window [mem 0xe5f00000-0xe5ffffff 64bit pref]
[    0.403072] pci 0000:00:18.7: PCI bridge to [bus 22]
[    0.403074] pci 0000:00:18.7:   bridge window [mem 0xfb500000-0xfb5fffff]
[    0.403075] pci 0000:00:18.7:   bridge window [mem 0xe5b00000-0xe5bfffff 64bit pref]
[    0.405395] ACPI: PCI Interrupt Link [LNKA] (IRQs 3 4 5 6 7 *9 10 11 14 15)
[    0.405475] ACPI: PCI Interrupt Link [LNKB] (IRQs 3 4 5 6 7 9 10 *11 14 15)
[    0.405570] ACPI: PCI Interrupt Link [LNKC] (IRQs 3 4 5 6 7 9 *10 11 14 15)
[    0.405655] ACPI: PCI Interrupt Link [LNKD] (IRQs 3 4 5 6 *7 9 10 11 14 15)
[    0.415132] ACPI: Enabled 2 GPEs in block 00 to 0F
[    0.437849] vgaarb: setting as boot device: PCI:0000:00:0f.0
[    0.437851] vgaarb: device added: PCI:0000:00:0f.0,decodes=io+mem,owns=io+mem,locks=none
[    0.437860] vgaarb: loaded
[    0.437862] vgaarb: bridge control possible 0000:00:0f.0
[    0.438108] SCSI subsystem initialized
[    0.438369] libata version 3.00 loaded.
[    0.438390] ACPI: bus type USB registered
[    0.438451] usbcore: registered new interface driver usbfs
[    0.438458] usbcore: registered new interface driver hub
[    0.438515] usbcore: registered new device driver usb
[    0.439221] PCI: Using ACPI for IRQ routing
[    0.463144] PCI: pci_cache_line_size set to 64 bytes
[    0.463164] e820: reserve RAM buffer [mem 0x0009e800-0x0009ffff]
[    0.463181] e820: reserve RAM buffer [mem 0x3fee0000-0x3fffffff]
[    0.463407] NetLabel: Initializing
[    0.463408] NetLabel:  domain hash size = 128
[    0.463409] NetLabel:  protocols = UNLABELED CIPSOv4
[    0.463420] NetLabel:  unlabeled traffic allowed by default
[    0.463749] hpet0: at MMIO 0xfed00000, IRQs 2, 8, 0, 0, 0, 0, 0, 0, 0, 0, 0, 0, 0, 0, 0, 0
[    0.463756] hpet0: 16 comparators, 64-bit 14.318180 MHz counter
[    0.465903] clocksource: Switched to clocksource hpet
[    0.500544] VFS: Disk quotas dquot_6.6.0
[    0.500597] VFS: Dquot-cache hash table entries: 512 (order 0, 4096 bytes)
[    0.501335] AppArmor: AppArmor Filesystem Enabled
[    0.501408] pnp: PnP ACPI init
[    0.501618] system 00:00: [io  0x1000-0x103f] has been reserved
[    0.501620] system 00:00: [io  0x1040-0x104f] has been reserved
[    0.501623] system 00:00: [io  0x0cf0-0x0cf1] has been reserved
[    0.501627] system 00:00: Plug and Play ACPI device, IDs PNP0c02 (active)
[    0.501710] pnp 00:01: Plug and Play ACPI device, IDs PNP0b00 (active)
[    0.501735] pnp 00:02: Plug and Play ACPI device, IDs PNP0303 (active)
[    0.501756] pnp 00:03: Plug and Play ACPI device, IDs VMW0003 PNP0f13 (active)
[    0.501989] system 00:04: [mem 0xfed00000-0xfed003ff] has been reserved
[    0.501993] system 00:04: Plug and Play ACPI device, IDs PNP0103 PNP0c01 (active)
[    0.503453] pnp 00:05: Plug and Play ACPI device, IDs PNP0501 (active)
[    0.503862] system 00:06: [io  0xfce0-0xfcff] has been reserved
[    0.503866] system 00:06: [mem 0xf0000000-0xf7ffffff] has been reserved
[    0.503868] system 00:06: [mem 0xfe800000-0xfe9fffff] has been reserved
[    0.503872] system 00:06: Plug and Play ACPI device, IDs PNP0c02 (active)
[    0.509756] pnp: PnP ACPI: found 7 devices
[    0.522574] clocksource: acpi_pm: mask: 0xffffff max_cycles: 0xffffff, max_idle_ns: 2085701024 ns
[    0.522920] pci 0000:00:15.3: bridge window [io  0x1000-0x0fff] to [bus 06] add_size 1000
[    0.522984] pci 0000:00:15.4: bridge window [io  0x1000-0x0fff] to [bus 07] add_size 1000
[    0.523048] pci 0000:00:15.5: bridge window [io  0x1000-0x0fff] to [bus 08] add_size 1000
[    0.523131] pci 0000:00:15.6: bridge window [io  0x1000-0x0fff] to [bus 09] add_size 1000
[    0.523195] pci 0000:00:15.7: bridge window [io  0x1000-0x0fff] to [bus 0a] add_size 1000
[    0.523438] pci 0000:00:16.3: bridge window [io  0x1000-0x0fff] to [bus 0e] add_size 1000
[    0.523501] pci 0000:00:16.4: bridge window [io  0x1000-0x0fff] to [bus 0f] add_size 1000
[    0.523565] pci 0000:00:16.5: bridge window [io  0x1000-0x0fff] to [bus 10] add_size 1000
[    0.523628] pci 0000:00:16.6: bridge window [io  0x1000-0x0fff] to [bus 11] add_size 1000
[    0.523690] pci 0000:00:16.7: bridge window [io  0x1000-0x0fff] to [bus 12] add_size 1000
[    0.523932] pci 0000:00:17.3: bridge window [io  0x1000-0x0fff] to [bus 16] add_size 1000
[    0.523996] pci 0000:00:17.4: bridge window [io  0x1000-0x0fff] to [bus 17] add_size 1000
[    0.524059] pci 0000:00:17.5: bridge window [io  0x1000-0x0fff] to [bus 18] add_size 1000
[    0.524122] pci 0000:00:17.6: bridge window [io  0x1000-0x0fff] to [bus 19] add_size 1000
[    0.524185] pci 0000:00:17.7: bridge window [io  0x1000-0x0fff] to [bus 1a] add_size 1000
[    0.524367] pci 0000:00:18.2: bridge window [io  0x1000-0x0fff] to [bus 1d] add_size 1000
[    0.524440] pci 0000:00:18.3: bridge window [io  0x1000-0x0fff] to [bus 1e] add_size 1000
[    0.524503] pci 0000:00:18.4: bridge window [io  0x1000-0x0fff] to [bus 1f] add_size 1000
[    0.524566] pci 0000:00:18.5: bridge window [io  0x1000-0x0fff] to [bus 20] add_size 1000
[    0.524629] pci 0000:00:18.6: bridge window [io  0x1000-0x0fff] to [bus 21] add_size 1000
[    0.524693] pci 0000:00:18.7: bridge window [io  0x1000-0x0fff] to [bus 22] add_size 1000
[    0.524724] pci 0000:00:15.3: res[13]=[io  0x1000-0x0fff] res_to_dev_res add_size 1000 min_align 1000
[    0.524726] pci 0000:00:15.3: res[13]=[io  0x1000-0x1fff] res_to_dev_res add_size 1000 min_align 1000
[    0.524727] pci 0000:00:15.4: res[13]=[io  0x1000-0x0fff] res_to_dev_res add_size 1000 min_align 1000
[    0.524729] pci 0000:00:15.4: res[13]=[io  0x1000-0x1fff] res_to_dev_res add_size 1000 min_align 1000
[    0.524730] pci 0000:00:15.5: res[13]=[io  0x1000-0x0fff] res_to_dev_res add_size 1000 min_align 1000
[    0.524732] pci 0000:00:15.5: res[13]=[io  0x1000-0x1fff] res_to_dev_res add_size 1000 min_align 1000
[    0.524733] pci 0000:00:15.6: res[13]=[io  0x1000-0x0fff] res_to_dev_res add_size 1000 min_align 1000
[    0.524735] pci 0000:00:15.6: res[13]=[io  0x1000-0x1fff] res_to_dev_res add_size 1000 min_align 1000
[    0.524736] pci 0000:00:15.7: res[13]=[io  0x1000-0x0fff] res_to_dev_res add_size 1000 min_align 1000
[    0.524738] pci 0000:00:15.7: res[13]=[io  0x1000-0x1fff] res_to_dev_res add_size 1000 min_align 1000
[    0.524739] pci 0000:00:16.3: res[13]=[io  0x1000-0x0fff] res_to_dev_res add_size 1000 min_align 1000
[    0.524741] pci 0000:00:16.3: res[13]=[io  0x1000-0x1fff] res_to_dev_res add_size 1000 min_align 1000
[    0.524742] pci 0000:00:16.4: res[13]=[io  0x1000-0x0fff] res_to_dev_res add_size 1000 min_align 1000
[    0.524744] pci 0000:00:16.4: res[13]=[io  0x1000-0x1fff] res_to_dev_res add_size 1000 min_align 1000
[    0.524746] pci 0000:00:16.5: res[13]=[io  0x1000-0x0fff] res_to_dev_res add_size 1000 min_align 1000
[    0.524747] pci 0000:00:16.5: res[13]=[io  0x1000-0x1fff] res_to_dev_res add_size 1000 min_align 1000
[    0.524749] pci 0000:00:16.6: res[13]=[io  0x1000-0x0fff] res_to_dev_res add_size 1000 min_align 1000
[    0.524750] pci 0000:00:16.6: res[13]=[io  0x1000-0x1fff] res_to_dev_res add_size 1000 min_align 1000
[    0.524752] pci 0000:00:16.7: res[13]=[io  0x1000-0x0fff] res_to_dev_res add_size 1000 min_align 1000
[    0.524753] pci 0000:00:16.7: res[13]=[io  0x1000-0x1fff] res_to_dev_res add_size 1000 min_align 1000
[    0.524755] pci 0000:00:17.3: res[13]=[io  0x1000-0x0fff] res_to_dev_res add_size 1000 min_align 1000
[    0.524756] pci 0000:00:17.3: res[13]=[io  0x1000-0x1fff] res_to_dev_res add_size 1000 min_align 1000
[    0.524758] pci 0000:00:17.4: res[13]=[io  0x1000-0x0fff] res_to_dev_res add_size 1000 min_align 1000
[    0.524759] pci 0000:00:17.4: res[13]=[io  0x1000-0x1fff] res_to_dev_res add_size 1000 min_align 1000
[    0.524761] pci 0000:00:17.5: res[13]=[io  0x1000-0x0fff] res_to_dev_res add_size 1000 min_align 1000
[    0.524762] pci 0000:00:17.5: res[13]=[io  0x1000-0x1fff] res_to_dev_res add_size 1000 min_align 1000
[    0.524764] pci 0000:00:17.6: res[13]=[io  0x1000-0x0fff] res_to_dev_res add_size 1000 min_align 1000
[    0.524765] pci 0000:00:17.6: res[13]=[io  0x1000-0x1fff] res_to_dev_res add_size 1000 min_align 1000
[    0.524767] pci 0000:00:17.7: res[13]=[io  0x1000-0x0fff] res_to_dev_res add_size 1000 min_align 1000
[    0.524768] pci 0000:00:17.7: res[13]=[io  0x1000-0x1fff] res_to_dev_res add_size 1000 min_align 1000
[    0.524770] pci 0000:00:18.2: res[13]=[io  0x1000-0x0fff] res_to_dev_res add_size 1000 min_align 1000
[    0.524771] pci 0000:00:18.2: res[13]=[io  0x1000-0x1fff] res_to_dev_res add_size 1000 min_align 1000
[    0.524773] pci 0000:00:18.3: res[13]=[io  0x1000-0x0fff] res_to_dev_res add_size 1000 min_align 1000
[    0.524774] pci 0000:00:18.3: res[13]=[io  0x1000-0x1fff] res_to_dev_res add_size 1000 min_align 1000
[    0.524775] pci 0000:00:18.4: res[13]=[io  0x1000-0x0fff] res_to_dev_res add_size 1000 min_align 1000
[    0.524777] pci 0000:00:18.4: res[13]=[io  0x1000-0x1fff] res_to_dev_res add_size 1000 min_align 1000
[    0.524778] pci 0000:00:18.5: res[13]=[io  0x1000-0x0fff] res_to_dev_res add_size 1000 min_align 1000
[    0.524780] pci 0000:00:18.5: res[13]=[io  0x1000-0x1fff] res_to_dev_res add_size 1000 min_align 1000
[    0.524781] pci 0000:00:18.6: res[13]=[io  0x1000-0x0fff] res_to_dev_res add_size 1000 min_align 1000
[    0.524783] pci 0000:00:18.6: res[13]=[io  0x1000-0x1fff] res_to_dev_res add_size 1000 min_align 1000
[    0.524784] pci 0000:00:18.7: res[13]=[io  0x1000-0x0fff] res_to_dev_res add_size 1000 min_align 1000
[    0.524786] pci 0000:00:18.7: res[13]=[io  0x1000-0x1fff] res_to_dev_res add_size 1000 min_align 1000
[    0.524791] pci 0000:00:0f.0: BAR 6: assigned [mem 0xc0000000-0xc0007fff pref]
[    0.524794] pci 0000:00:10.0: BAR 6: assigned [mem 0xc0008000-0xc000bfff pref]
[    0.524798] pci 0000:00:15.3: BAR 13: no space for [io  size 0x1000]
[    0.524800] pci 0000:00:15.3: BAR 13: failed to assign [io  size 0x1000]
[    0.524803] pci 0000:00:15.4: BAR 13: no space for [io  size 0x1000]
[    0.524804] pci 0000:00:15.4: BAR 13: failed to assign [io  size 0x1000]
[    0.524806] pci 0000:00:15.5: BAR 13: no space for [io  size 0x1000]
[    0.524808] pci 0000:00:15.5: BAR 13: failed to assign [io  size 0x1000]
[    0.524810] pci 0000:00:15.6: BAR 13: no space for [io  size 0x1000]
[    0.524811] pci 0000:00:15.6: BAR 13: failed to assign [io  size 0x1000]
[    0.524813] pci 0000:00:15.7: BAR 13: no space for [io  size 0x1000]
[    0.524815] pci 0000:00:15.7: BAR 13: failed to assign [io  size 0x1000]
[    0.524817] pci 0000:00:16.3: BAR 13: no space for [io  size 0x1000]
[    0.524818] pci 0000:00:16.3: BAR 13: failed to assign [io  size 0x1000]
[    0.524821] pci 0000:00:16.4: BAR 13: no space for [io  size 0x1000]
[    0.524822] pci 0000:00:16.4: BAR 13: failed to assign [io  size 0x1000]
[    0.524824] pci 0000:00:16.5: BAR 13: no space for [io  size 0x1000]
[    0.524826] pci 0000:00:16.5: BAR 13: failed to assign [io  size 0x1000]
[    0.524828] pci 0000:00:16.6: BAR 13: no space for [io  size 0x1000]
[    0.524829] pci 0000:00:16.6: BAR 13: failed to assign [io  size 0x1000]
[    0.524831] pci 0000:00:16.7: BAR 13: no space for [io  size 0x1000]
[    0.524833] pci 0000:00:16.7: BAR 13: failed to assign [io  size 0x1000]
[    0.524835] pci 0000:00:17.3: BAR 13: no space for [io  size 0x1000]
[    0.524836] pci 0000:00:17.3: BAR 13: failed to assign [io  size 0x1000]
[    0.524838] pci 0000:00:17.4: BAR 13: no space for [io  size 0x1000]
[    0.524840] pci 0000:00:17.4: BAR 13: failed to assign [io  size 0x1000]
[    0.524842] pci 0000:00:17.5: BAR 13: no space for [io  size 0x1000]
[    0.524843] pci 0000:00:17.5: BAR 13: failed to assign [io  size 0x1000]
[    0.524845] pci 0000:00:17.6: BAR 13: no space for [io  size 0x1000]
[    0.524847] pci 0000:00:17.6: BAR 13: failed to assign [io  size 0x1000]
[    0.524849] pci 0000:00:17.7: BAR 13: no space for [io  size 0x1000]
[    0.524850] pci 0000:00:17.7: BAR 13: failed to assign [io  size 0x1000]
[    0.524852] pci 0000:00:18.2: BAR 13: no space for [io  size 0x1000]
[    0.524854] pci 0000:00:18.2: BAR 13: failed to assign [io  size 0x1000]
[    0.524856] pci 0000:00:18.3: BAR 13: no space for [io  size 0x1000]
[    0.524857] pci 0000:00:18.3: BAR 13: failed to assign [io  size 0x1000]
[    0.524859] pci 0000:00:18.4: BAR 13: no space for [io  size 0x1000]
[    0.524861] pci 0000:00:18.4: BAR 13: failed to assign [io  size 0x1000]
[    0.524863] pci 0000:00:18.5: BAR 13: no space for [io  size 0x1000]
[    0.524864] pci 0000:00:18.5: BAR 13: failed to assign [io  size 0x1000]
[    0.524866] pci 0000:00:18.6: BAR 13: no space for [io  size 0x1000]
[    0.524868] pci 0000:00:18.6: BAR 13: failed to assign [io  size 0x1000]
[    0.524870] pci 0000:00:18.7: BAR 13: no space for [io  size 0x1000]
[    0.524871] pci 0000:00:18.7: BAR 13: failed to assign [io  size 0x1000]
[    0.524895] pci 0000:00:18.7: BAR 13: no space for [io  size 0x1000]
[    0.524897] pci 0000:00:18.7: BAR 13: failed to assign [io  size 0x1000]
[    0.524899] pci 0000:00:18.6: BAR 13: no space for [io  size 0x1000]
[    0.524900] pci 0000:00:18.6: BAR 13: failed to assign [io  size 0x1000]
[    0.524903] pci 0000:00:18.5: BAR 13: no space for [io  size 0x1000]
[    0.524904] pci 0000:00:18.5: BAR 13: failed to assign [io  size 0x1000]
[    0.524906] pci 0000:00:18.4: BAR 13: no space for [io  size 0x1000]
[    0.524908] pci 0000:00:18.4: BAR 13: failed to assign [io  size 0x1000]
[    0.524910] pci 0000:00:18.3: BAR 13: no space for [io  size 0x1000]
[    0.524911] pci 0000:00:18.3: BAR 13: failed to assign [io  size 0x1000]
[    0.524913] pci 0000:00:18.2: BAR 13: no space for [io  size 0x1000]
[    0.524915] pci 0000:00:18.2: BAR 13: failed to assign [io  size 0x1000]
[    0.524917] pci 0000:00:17.7: BAR 13: no space for [io  size 0x1000]
[    0.524918] pci 0000:00:17.7: BAR 13: failed to assign [io  size 0x1000]
[    0.524921] pci 0000:00:17.6: BAR 13: no space for [io  size 0x1000]
[    0.524922] pci 0000:00:17.6: BAR 13: failed to assign [io  size 0x1000]
[    0.524924] pci 0000:00:17.5: BAR 13: no space for [io  size 0x1000]
[    0.524926] pci 0000:00:17.5: BAR 13: failed to assign [io  size 0x1000]
[    0.524928] pci 0000:00:17.4: BAR 13: no space for [io  size 0x1000]
[    0.524929] pci 0000:00:17.4: BAR 13: failed to assign [io  size 0x1000]
[    0.524931] pci 0000:00:17.3: BAR 13: no space for [io  size 0x1000]
[    0.524933] pci 0000:00:17.3: BAR 13: failed to assign [io  size 0x1000]
[    0.524935] pci 0000:00:16.7: BAR 13: no space for [io  size 0x1000]
[    0.524936] pci 0000:00:16.7: BAR 13: failed to assign [io  size 0x1000]
[    0.524939] pci 0000:00:16.6: BAR 13: no space for [io  size 0x1000]
[    0.524940] pci 0000:00:16.6: BAR 13: failed to assign [io  size 0x1000]
[    0.524942] pci 0000:00:16.5: BAR 13: no space for [io  size 0x1000]
[    0.524944] pci 0000:00:16.5: BAR 13: failed to assign [io  size 0x1000]
[    0.524946] pci 0000:00:16.4: BAR 13: no space for [io  size 0x1000]
[    0.524947] pci 0000:00:16.4: BAR 13: failed to assign [io  size 0x1000]
[    0.524949] pci 0000:00:16.3: BAR 13: no space for [io  size 0x1000]
[    0.524951] pci 0000:00:16.3: BAR 13: failed to assign [io  size 0x1000]
[    0.524953] pci 0000:00:15.7: BAR 13: no space for [io  size 0x1000]
[    0.524954] pci 0000:00:15.7: BAR 13: failed to assign [io  size 0x1000]
[    0.524957] pci 0000:00:15.6: BAR 13: no space for [io  size 0x1000]
[    0.524958] pci 0000:00:15.6: BAR 13: failed to assign [io  size 0x1000]
[    0.524960] pci 0000:00:15.5: BAR 13: no space for [io  size 0x1000]
[    0.524962] pci 0000:00:15.5: BAR 13: failed to assign [io  size 0x1000]
[    0.524964] pci 0000:00:15.4: BAR 13: no space for [io  size 0x1000]
[    0.524965] pci 0000:00:15.4: BAR 13: failed to assign [io  size 0x1000]
[    0.524968] pci 0000:00:15.3: BAR 13: no space for [io  size 0x1000]
[    0.524969] pci 0000:00:15.3: BAR 13: failed to assign [io  size 0x1000]
[    0.524972] pci 0000:00:01.0: PCI bridge to [bus 01]
[    0.525070] pci 0000:02:01.0: BAR 6: assigned [mem 0xfd500000-0xfd50ffff pref]
[    0.525073] pci 0000:02:05.0: BAR 6: assigned [mem 0xfd510000-0xfd51ffff pref]
[    0.525075] pci 0000:00:11.0: PCI bridge to [bus 02]
[    0.525088] pci 0000:00:11.0:   bridge window [io  0x2000-0x3fff]
[    0.525121] pci 0000:00:11.0:   bridge window [mem 0xfd500000-0xfdffffff]
[    0.525143] pci 0000:00:11.0:   bridge window [mem 0xe7b00000-0xe7ffffff 64bit pref]
[    0.525185] pci 0000:00:15.0: PCI bridge to [bus 03]
[    0.525198] pci 0000:00:15.0:   bridge window [io  0x4000-0x4fff]
[    0.525230] pci 0000:00:15.0:   bridge window [mem 0xfd400000-0xfd4fffff]
[    0.525253] pci 0000:00:15.0:   bridge window [mem 0xe7a00000-0xe7afffff 64bit pref]
[    0.525329] pci 0000:00:15.1: PCI bridge to [bus 04]
[    0.525343] pci 0000:00:15.1:   bridge window [io  0x8000-0x8fff]
[    0.525375] pci 0000:00:15.1:   bridge window [mem 0xfd000000-0xfd0fffff]
[    0.525398] pci 0000:00:15.1:   bridge window [mem 0xe7600000-0xe76fffff 64bit pref]
[    0.525453] pci 0000:00:15.2: PCI bridge to [bus 05]
[    0.525467] pci 0000:00:15.2:   bridge window [io  0xc000-0xcfff]
[    0.525499] pci 0000:00:15.2:   bridge window [mem 0xfcc00000-0xfccfffff]
[    0.525522] pci 0000:00:15.2:   bridge window [mem 0xe7200000-0xe72fffff 64bit pref]
[    0.525575] pci 0000:00:15.3: PCI bridge to [bus 06]
[    0.525609] pci 0000:00:15.3:   bridge window [mem 0xfc800000-0xfc8fffff]
[    0.525632] pci 0000:00:15.3:   bridge window [mem 0xe6e00000-0xe6efffff 64bit pref]
[    0.525685] pci 0000:00:15.4: PCI bridge to [bus 07]
[    0.525719] pci 0000:00:15.4:   bridge window [mem 0xfc400000-0xfc4fffff]
[    0.525741] pci 0000:00:15.4:   bridge window [mem 0xe6a00000-0xe6afffff 64bit pref]
[    0.525795] pci 0000:00:15.5: PCI bridge to [bus 08]
[    0.525828] pci 0000:00:15.5:   bridge window [mem 0xfc000000-0xfc0fffff]
[    0.525850] pci 0000:00:15.5:   bridge window [mem 0xe6600000-0xe66fffff 64bit pref]
[    0.525904] pci 0000:00:15.6: PCI bridge to [bus 09]
[    0.525954] pci 0000:00:15.6:   bridge window [mem 0xfbc00000-0xfbcfffff]
[    0.525976] pci 0000:00:15.6:   bridge window [mem 0xe6200000-0xe62fffff 64bit pref]
[    0.526035] pci 0000:00:15.7: PCI bridge to [bus 0a]
[    0.526068] pci 0000:00:15.7:   bridge window [mem 0xfb800000-0xfb8fffff]
[    0.526091] pci 0000:00:15.7:   bridge window [mem 0xe5e00000-0xe5efffff 64bit pref]
[    0.526151] pci 0000:00:16.0: PCI bridge to [bus 0b]
[    0.526165] pci 0000:00:16.0:   bridge window [io  0x5000-0x5fff]
[    0.526197] pci 0000:00:16.0:   bridge window [mem 0xfd300000-0xfd3fffff]
[    0.526220] pci 0000:00:16.0:   bridge window [mem 0xe7900000-0xe79fffff 64bit pref]
[    0.526274] pci 0000:00:16.1: PCI bridge to [bus 0c]
[    0.526287] pci 0000:00:16.1:   bridge window [io  0x9000-0x9fff]
[    0.526320] pci 0000:00:16.1:   bridge window [mem 0xfcf00000-0xfcffffff]
[    0.526342] pci 0000:00:16.1:   bridge window [mem 0xe7500000-0xe75fffff 64bit pref]
[    0.526396] pci 0000:00:16.2: PCI bridge to [bus 0d]
[    0.526410] pci 0000:00:16.2:   bridge window [io  0xd000-0xdfff]
[    0.526442] pci 0000:00:16.2:   bridge window [mem 0xfcb00000-0xfcbfffff]
[    0.526465] pci 0000:00:16.2:   bridge window [mem 0xe7100000-0xe71fffff 64bit pref]
[    0.526536] pci 0000:00:16.3: PCI bridge to [bus 0e]
[    0.526577] pci 0000:00:16.3:   bridge window [mem 0xfc700000-0xfc7fffff]
[    0.526599] pci 0000:00:16.3:   bridge window [mem 0xe6d00000-0xe6dfffff 64bit pref]
[    0.526654] pci 0000:00:16.4: PCI bridge to [bus 0f]
[    0.526688] pci 0000:00:16.4:   bridge window [mem 0xfc300000-0xfc3fffff]
[    0.526710] pci 0000:00:16.4:   bridge window [mem 0xe6900000-0xe69fffff 64bit pref]
[    0.526764] pci 0000:00:16.5: PCI bridge to [bus 10]
[    0.526799] pci 0000:00:16.5:   bridge window [mem 0xfbf00000-0xfbffffff]
[    0.526822] pci 0000:00:16.5:   bridge window [mem 0xe6500000-0xe65fffff 64bit pref]
[    0.526876] pci 0000:00:16.6: PCI bridge to [bus 11]
[    0.526945] pci 0000:00:16.6:   bridge window [mem 0xfbb00000-0xfbbfffff]
[    0.526968] pci 0000:00:16.6:   bridge window [mem 0xe6100000-0xe61fffff 64bit pref]
[    0.527022] pci 0000:00:16.7: PCI bridge to [bus 12]
[    0.527056] pci 0000:00:16.7:   bridge window [mem 0xfb700000-0xfb7fffff]
[    0.527078] pci 0000:00:16.7:   bridge window [mem 0xe5d00000-0xe5dfffff 64bit pref]
[    0.527132] pci 0000:00:17.0: PCI bridge to [bus 13]
[    0.527145] pci 0000:00:17.0:   bridge window [io  0x6000-0x6fff]
[    0.527178] pci 0000:00:17.0:   bridge window [mem 0xfd200000-0xfd2fffff]
[    0.527200] pci 0000:00:17.0:   bridge window [mem 0xe7800000-0xe78fffff 64bit pref]
[    0.527254] pci 0000:00:17.1: PCI bridge to [bus 14]
[    0.527267] pci 0000:00:17.1:   bridge window [io  0xa000-0xafff]
[    0.527300] pci 0000:00:17.1:   bridge window [mem 0xfce00000-0xfcefffff]
[    0.527322] pci 0000:00:17.1:   bridge window [mem 0xe7400000-0xe74fffff 64bit pref]
[    0.527376] pci 0000:00:17.2: PCI bridge to [bus 15]
[    0.527389] pci 0000:00:17.2:   bridge window [io  0xe000-0xefff]
[    0.527422] pci 0000:00:17.2:   bridge window [mem 0xfca00000-0xfcafffff]
[    0.527444] pci 0000:00:17.2:   bridge window [mem 0xe7000000-0xe70fffff 64bit pref]
[    0.527497] pci 0000:00:17.3: PCI bridge to [bus 16]
[    0.527530] pci 0000:00:17.3:   bridge window [mem 0xfc600000-0xfc6fffff]
[    0.527553] pci 0000:00:17.3:   bridge window [mem 0xe6c00000-0xe6cfffff 64bit pref]
[    0.527606] pci 0000:00:17.4: PCI bridge to [bus 17]
[    0.527640] pci 0000:00:17.4:   bridge window [mem 0xfc200000-0xfc2fffff]
[    0.527662] pci 0000:00:17.4:   bridge window [mem 0xe6800000-0xe68fffff 64bit pref]
[    0.527715] pci 0000:00:17.5: PCI bridge to [bus 18]
[    0.527749] pci 0000:00:17.5:   bridge window [mem 0xfbe00000-0xfbefffff]
[    0.527771] pci 0000:00:17.5:   bridge window [mem 0xe6400000-0xe64fffff 64bit pref]
[    0.527824] pci 0000:00:17.6: PCI bridge to [bus 19]
[    0.527858] pci 0000:00:17.6:   bridge window [mem 0xfba00000-0xfbafffff]
[    0.527880] pci 0000:00:17.6:   bridge window [mem 0xe6000000-0xe60fffff 64bit pref]
[    0.527933] pci 0000:00:17.7: PCI bridge to [bus 1a]
[    0.527967] pci 0000:00:17.7:   bridge window [mem 0xfb600000-0xfb6fffff]
[    0.527989] pci 0000:00:17.7:   bridge window [mem 0xe5c00000-0xe5cfffff 64bit pref]
[    0.528043] pci 0000:00:18.0: PCI bridge to [bus 1b]
[    0.528056] pci 0000:00:18.0:   bridge window [io  0x7000-0x7fff]
[    0.528089] pci 0000:00:18.0:   bridge window [mem 0xfd100000-0xfd1fffff]
[    0.528111] pci 0000:00:18.0:   bridge window [mem 0xe7700000-0xe77fffff 64bit pref]
[    0.528165] pci 0000:00:18.1: PCI bridge to [bus 1c]
[    0.528178] pci 0000:00:18.1:   bridge window [io  0xb000-0xbfff]
[    0.528211] pci 0000:00:18.1:   bridge window [mem 0xfcd00000-0xfcdfffff]
[    0.528233] pci 0000:00:18.1:   bridge window [mem 0xe7300000-0xe73fffff 64bit pref]
[    0.528287] pci 0000:00:18.2: PCI bridge to [bus 1d]
[    0.528320] pci 0000:00:18.2:   bridge window [mem 0xfc900000-0xfc9fffff]
[    0.528342] pci 0000:00:18.2:   bridge window [mem 0xe6f00000-0xe6ffffff 64bit pref]
[    0.528396] pci 0000:00:18.3: PCI bridge to [bus 1e]
[    0.528429] pci 0000:00:18.3:   bridge window [mem 0xfc500000-0xfc5fffff]
[    0.528452] pci 0000:00:18.3:   bridge window [mem 0xe6b00000-0xe6bfffff 64bit pref]
[    0.528505] pci 0000:00:18.4: PCI bridge to [bus 1f]
[    0.528538] pci 0000:00:18.4:   bridge window [mem 0xfc100000-0xfc1fffff]
[    0.528561] pci 0000:00:18.4:   bridge window [mem 0xe6700000-0xe67fffff 64bit pref]
[    0.528614] pci 0000:00:18.5: PCI bridge to [bus 20]
[    0.528648] pci 0000:00:18.5:   bridge window [mem 0xfbd00000-0xfbdfffff]
[    0.528670] pci 0000:00:18.5:   bridge window [mem 0xe6300000-0xe63fffff 64bit pref]
[    0.528723] pci 0000:00:18.6: PCI bridge to [bus 21]
[    0.528757] pci 0000:00:18.6:   bridge window [mem 0xfb900000-0xfb9fffff]
[    0.528779] pci 0000:00:18.6:   bridge window [mem 0xe5f00000-0xe5ffffff 64bit pref]
[    0.528832] pci 0000:00:18.7: PCI bridge to [bus 22]
[    0.528865] pci 0000:00:18.7:   bridge window [mem 0xfb500000-0xfb5fffff]
[    0.528888] pci 0000:00:18.7:   bridge window [mem 0xe5b00000-0xe5bfffff 64bit pref]
[    0.528942] pci_bus 0000:00: resource 4 [mem 0x000a0000-0x000bffff window]
[    0.528944] pci_bus 0000:00: resource 5 [mem 0x000d0000-0x000d3fff window]
[    0.528945] pci_bus 0000:00: resource 6 [mem 0x000d4000-0x000d7fff window]
[    0.528947] pci_bus 0000:00: resource 7 [mem 0x000d8000-0x000dbfff window]
[    0.528948] pci_bus 0000:00: resource 8 [mem 0xc0000000-0xfebfffff window]
[    0.528950] pci_bus 0000:00: resource 9 [io  0x0000-0x0cf7 window]
[    0.528951] pci_bus 0000:00: resource 10 [io  0x0d00-0xfeff window]
[    0.528953] pci_bus 0000:02: resource 0 [io  0x2000-0x3fff]
[    0.528955] pci_bus 0000:02: resource 1 [mem 0xfd500000-0xfdffffff]
[    0.528956] pci_bus 0000:02: resource 2 [mem 0xe7b00000-0xe7ffffff 64bit pref]
[    0.528958] pci_bus 0000:02: resource 4 [mem 0x000a0000-0x000bffff window]
[    0.528959] pci_bus 0000:02: resource 5 [mem 0x000d0000-0x000d3fff window]
[    0.528961] pci_bus 0000:02: resource 6 [mem 0x000d4000-0x000d7fff window]
[    0.528962] pci_bus 0000:02: resource 7 [mem 0x000d8000-0x000dbfff window]
[    0.528963] pci_bus 0000:02: resource 8 [mem 0xc0000000-0xfebfffff window]
[    0.528965] pci_bus 0000:02: resource 9 [io  0x0000-0x0cf7 window]
[    0.528966] pci_bus 0000:02: resource 10 [io  0x0d00-0xfeff window]
[    0.528968] pci_bus 0000:03: resource 0 [io  0x4000-0x4fff]
[    0.528970] pci_bus 0000:03: resource 1 [mem 0xfd400000-0xfd4fffff]
[    0.528971] pci_bus 0000:03: resource 2 [mem 0xe7a00000-0xe7afffff 64bit pref]
[    0.528973] pci_bus 0000:04: resource 0 [io  0x8000-0x8fff]
[    0.528974] pci_bus 0000:04: resource 1 [mem 0xfd000000-0xfd0fffff]
[    0.528976] pci_bus 0000:04: resource 2 [mem 0xe7600000-0xe76fffff 64bit pref]
[    0.528977] pci_bus 0000:05: resource 0 [io  0xc000-0xcfff]
[    0.528979] pci_bus 0000:05: resource 1 [mem 0xfcc00000-0xfccfffff]
[    0.528980] pci_bus 0000:05: resource 2 [mem 0xe7200000-0xe72fffff 64bit pref]
[    0.528982] pci_bus 0000:06: resource 1 [mem 0xfc800000-0xfc8fffff]
[    0.528983] pci_bus 0000:06: resource 2 [mem 0xe6e00000-0xe6efffff 64bit pref]
[    0.528985] pci_bus 0000:07: resource 1 [mem 0xfc400000-0xfc4fffff]
[    0.528986] pci_bus 0000:07: resource 2 [mem 0xe6a00000-0xe6afffff 64bit pref]
[    0.528988] pci_bus 0000:08: resource 1 [mem 0xfc000000-0xfc0fffff]
[    0.528989] pci_bus 0000:08: resource 2 [mem 0xe6600000-0xe66fffff 64bit pref]
[    0.528991] pci_bus 0000:09: resource 1 [mem 0xfbc00000-0xfbcfffff]
[    0.528992] pci_bus 0000:09: resource 2 [mem 0xe6200000-0xe62fffff 64bit pref]
[    0.528994] pci_bus 0000:0a: resource 1 [mem 0xfb800000-0xfb8fffff]
[    0.528995] pci_bus 0000:0a: resource 2 [mem 0xe5e00000-0xe5efffff 64bit pref]
[    0.528997] pci_bus 0000:0b: resource 0 [io  0x5000-0x5fff]
[    0.528999] pci_bus 0000:0b: resource 1 [mem 0xfd300000-0xfd3fffff]
[    0.529000] pci_bus 0000:0b: resource 2 [mem 0xe7900000-0xe79fffff 64bit pref]
[    0.529002] pci_bus 0000:0c: resource 0 [io  0x9000-0x9fff]
[    0.529003] pci_bus 0000:0c: resource 1 [mem 0xfcf00000-0xfcffffff]
[    0.529004] pci_bus 0000:0c: resource 2 [mem 0xe7500000-0xe75fffff 64bit pref]
[    0.529006] pci_bus 0000:0d: resource 0 [io  0xd000-0xdfff]
[    0.529007] pci_bus 0000:0d: resource 1 [mem 0xfcb00000-0xfcbfffff]
[    0.529009] pci_bus 0000:0d: resource 2 [mem 0xe7100000-0xe71fffff 64bit pref]
[    0.529010] pci_bus 0000:0e: resource 1 [mem 0xfc700000-0xfc7fffff]
[    0.529012] pci_bus 0000:0e: resource 2 [mem 0xe6d00000-0xe6dfffff 64bit pref]
[    0.529013] pci_bus 0000:0f: resource 1 [mem 0xfc300000-0xfc3fffff]
[    0.529015] pci_bus 0000:0f: resource 2 [mem 0xe6900000-0xe69fffff 64bit pref]
[    0.529016] pci_bus 0000:10: resource 1 [mem 0xfbf00000-0xfbffffff]
[    0.529018] pci_bus 0000:10: resource 2 [mem 0xe6500000-0xe65fffff 64bit pref]
[    0.529019] pci_bus 0000:11: resource 1 [mem 0xfbb00000-0xfbbfffff]
[    0.529021] pci_bus 0000:11: resource 2 [mem 0xe6100000-0xe61fffff 64bit pref]
[    0.529022] pci_bus 0000:12: resource 1 [mem 0xfb700000-0xfb7fffff]
[    0.529024] pci_bus 0000:12: resource 2 [mem 0xe5d00000-0xe5dfffff 64bit pref]
[    0.529025] pci_bus 0000:13: resource 0 [io  0x6000-0x6fff]
[    0.529027] pci_bus 0000:13: resource 1 [mem 0xfd200000-0xfd2fffff]
[    0.529028] pci_bus 0000:13: resource 2 [mem 0xe7800000-0xe78fffff 64bit pref]
[    0.529030] pci_bus 0000:14: resource 0 [io  0xa000-0xafff]
[    0.529031] pci_bus 0000:14: resource 1 [mem 0xfce00000-0xfcefffff]
[    0.529033] pci_bus 0000:14: resource 2 [mem 0xe7400000-0xe74fffff 64bit pref]
[    0.529034] pci_bus 0000:15: resource 0 [io  0xe000-0xefff]
[    0.529036] pci_bus 0000:15: resource 1 [mem 0xfca00000-0xfcafffff]
[    0.529037] pci_bus 0000:15: resource 2 [mem 0xe7000000-0xe70fffff 64bit pref]
[    0.529038] pci_bus 0000:16: resource 1 [mem 0xfc600000-0xfc6fffff]
[    0.529040] pci_bus 0000:16: resource 2 [mem 0xe6c00000-0xe6cfffff 64bit pref]
[    0.529041] pci_bus 0000:17: resource 1 [mem 0xfc200000-0xfc2fffff]
[    0.529043] pci_bus 0000:17: resource 2 [mem 0xe6800000-0xe68fffff 64bit pref]
[    0.529044] pci_bus 0000:18: resource 1 [mem 0xfbe00000-0xfbefffff]
[    0.529046] pci_bus 0000:18: resource 2 [mem 0xe6400000-0xe64fffff 64bit pref]
[    0.529047] pci_bus 0000:19: resource 1 [mem 0xfba00000-0xfbafffff]
[    0.529049] pci_bus 0000:19: resource 2 [mem 0xe6000000-0xe60fffff 64bit pref]
[    0.529050] pci_bus 0000:1a: resource 1 [mem 0xfb600000-0xfb6fffff]
[    0.529052] pci_bus 0000:1a: resource 2 [mem 0xe5c00000-0xe5cfffff 64bit pref]
[    0.529053] pci_bus 0000:1b: resource 0 [io  0x7000-0x7fff]
[    0.529055] pci_bus 0000:1b: resource 1 [mem 0xfd100000-0xfd1fffff]
[    0.529056] pci_bus 0000:1b: resource 2 [mem 0xe7700000-0xe77fffff 64bit pref]
[    0.529058] pci_bus 0000:1c: resource 0 [io  0xb000-0xbfff]
[    0.529059] pci_bus 0000:1c: resource 1 [mem 0xfcd00000-0xfcdfffff]
[    0.529060] pci_bus 0000:1c: resource 2 [mem 0xe7300000-0xe73fffff 64bit pref]
[    0.529062] pci_bus 0000:1d: resource 1 [mem 0xfc900000-0xfc9fffff]
[    0.529063] pci_bus 0000:1d: resource 2 [mem 0xe6f00000-0xe6ffffff 64bit pref]
[    0.529065] pci_bus 0000:1e: resource 1 [mem 0xfc500000-0xfc5fffff]
[    0.529066] pci_bus 0000:1e: resource 2 [mem 0xe6b00000-0xe6bfffff 64bit pref]
[    0.529068] pci_bus 0000:1f: resource 1 [mem 0xfc100000-0xfc1fffff]
[    0.529069] pci_bus 0000:1f: resource 2 [mem 0xe6700000-0xe67fffff 64bit pref]
[    0.529071] pci_bus 0000:20: resource 1 [mem 0xfbd00000-0xfbdfffff]
[    0.529072] pci_bus 0000:20: resource 2 [mem 0xe6300000-0xe63fffff 64bit pref]
[    0.529074] pci_bus 0000:21: resource 1 [mem 0xfb900000-0xfb9fffff]
[    0.529075] pci_bus 0000:21: resource 2 [mem 0xe5f00000-0xe5ffffff 64bit pref]
[    0.529077] pci_bus 0000:22: resource 1 [mem 0xfb500000-0xfb5fffff]
[    0.529078] pci_bus 0000:22: resource 2 [mem 0xe5b00000-0xe5bfffff 64bit pref]
[    0.529274] NET: Registered protocol family 2
[    0.530610] TCP established hash table entries: 8192 (order: 4, 65536 bytes)
[    0.530967] TCP bind hash table entries: 8192 (order: 5, 131072 bytes)
[    0.531470] TCP: Hash tables configured (established 8192 bind 8192)
[    0.532001] UDP hash table entries: 512 (order: 2, 16384 bytes)
[    0.532060] UDP-Lite hash table entries: 512 (order: 2, 16384 bytes)
[    0.533204] NET: Registered protocol family 1
[    0.533215] pci 0000:00:00.0: Limiting direct PCI/PCI transfers
[    0.533329] pci 0000:00:0f.0: Video device with shadowed ROM at [mem 0x000c0000-0x000dffff]
[    0.534691] PCI: CLS mismatch (32 != 64), using 64 bytes
[    0.535637] Trying to unpack rootfs image as initramfs...
[    4.399333] Freeing initrd memory: 140556K (ffff880026d6a000 - ffff88002f6ad000)
[    4.399541] RAPL PMU: API unit is 2^-32 Joules, 3 fixed counters, 10737418240 ms ovfl timer
[    4.399543] RAPL PMU: hw unit of domain pp0-core 2^-0 Joules
[    4.399544] RAPL PMU: hw unit of domain package 2^-0 Joules
[    4.399545] RAPL PMU: hw unit of domain pp1-gpu 2^-0 Joules
[    4.399918] Scanning for low memory corruption every 60 seconds
[    4.401966] futex hash table entries: 32768 (order: 9, 2097152 bytes)
[    4.403244] audit: initializing netlink subsys (disabled)
[    4.403299] audit: type=2000 audit(1506771715.376:1): initialized
[    4.403837] workingset: timestamp_bits=56 max_order=18 bucket_order=0
[    4.405446] fuse init (API version 7.26)
[    4.407074] Block layer SCSI generic (bsg) driver version 0.4 loaded (major 250)
[    4.407177] io scheduler noop registered
[    4.407194] io scheduler deadline registered (default)
[    4.407202] io scheduler cfq registered
[    4.408239] pcieport 0000:00:15.0: Signaling PME through PCIe PME interrupt
[    4.408262] pcie_pme 0000:00:15.0:pcie001: service driver pcie_pme loaded
[    4.408306] pcieport 0000:00:15.1: Signaling PME through PCIe PME interrupt
[    4.408328] pcie_pme 0000:00:15.1:pcie001: service driver pcie_pme loaded
[    4.408372] pcieport 0000:00:15.2: Signaling PME through PCIe PME interrupt
[    4.408394] pcie_pme 0000:00:15.2:pcie001: service driver pcie_pme loaded
[    4.408438] pcieport 0000:00:15.3: Signaling PME through PCIe PME interrupt
[    4.408461] pcie_pme 0000:00:15.3:pcie001: service driver pcie_pme loaded
[    4.408509] pcieport 0000:00:15.4: Signaling PME through PCIe PME interrupt
[    4.408532] pcie_pme 0000:00:15.4:pcie001: service driver pcie_pme loaded
[    4.408576] pcieport 0000:00:15.5: Signaling PME through PCIe PME interrupt
[    4.408598] pcie_pme 0000:00:15.5:pcie001: service driver pcie_pme loaded
[    4.408642] pcieport 0000:00:15.6: Signaling PME through PCIe PME interrupt
[    4.408664] pcie_pme 0000:00:15.6:pcie001: service driver pcie_pme loaded
[    4.408708] pcieport 0000:00:15.7: Signaling PME through PCIe PME interrupt
[    4.408730] pcie_pme 0000:00:15.7:pcie001: service driver pcie_pme loaded
[    4.408774] pcieport 0000:00:16.0: Signaling PME through PCIe PME interrupt
[    4.408797] pcie_pme 0000:00:16.0:pcie001: service driver pcie_pme loaded
[    4.408841] pcieport 0000:00:16.1: Signaling PME through PCIe PME interrupt
[    4.408863] pcie_pme 0000:00:16.1:pcie001: service driver pcie_pme loaded
[    4.408911] pcieport 0000:00:16.2: Signaling PME through PCIe PME interrupt
[    4.408934] pcie_pme 0000:00:16.2:pcie001: service driver pcie_pme loaded
[    4.408977] pcieport 0000:00:16.3: Signaling PME through PCIe PME interrupt
[    4.409000] pcie_pme 0000:00:16.3:pcie001: service driver pcie_pme loaded
[    4.409043] pcieport 0000:00:16.4: Signaling PME through PCIe PME interrupt
[    4.409066] pcie_pme 0000:00:16.4:pcie001: service driver pcie_pme loaded
[    4.409110] pcieport 0000:00:16.5: Signaling PME through PCIe PME interrupt
[    4.409132] pcie_pme 0000:00:16.5:pcie001: service driver pcie_pme loaded
[    4.409176] pcieport 0000:00:16.6: Signaling PME through PCIe PME interrupt
[    4.409198] pcie_pme 0000:00:16.6:pcie001: service driver pcie_pme loaded
[    4.409242] pcieport 0000:00:16.7: Signaling PME through PCIe PME interrupt
[    4.409264] pcie_pme 0000:00:16.7:pcie001: service driver pcie_pme loaded
[    4.409317] pcieport 0000:00:17.0: Signaling PME through PCIe PME interrupt
[    4.409339] pcie_pme 0000:00:17.0:pcie001: service driver pcie_pme loaded
[    4.409383] pcieport 0000:00:17.1: Signaling PME through PCIe PME interrupt
[    4.409405] pcie_pme 0000:00:17.1:pcie001: service driver pcie_pme loaded
[    4.409449] pcieport 0000:00:17.2: Signaling PME through PCIe PME interrupt
[    4.409471] pcie_pme 0000:00:17.2:pcie001: service driver pcie_pme loaded
[    4.409515] pcieport 0000:00:17.3: Signaling PME through PCIe PME interrupt
[    4.409537] pcie_pme 0000:00:17.3:pcie001: service driver pcie_pme loaded
[    4.409581] pcieport 0000:00:17.4: Signaling PME through PCIe PME interrupt
[    4.409604] pcie_pme 0000:00:17.4:pcie001: service driver pcie_pme loaded
[    4.409648] pcieport 0000:00:17.5: Signaling PME through PCIe PME interrupt
[    4.409670] pcie_pme 0000:00:17.5:pcie001: service driver pcie_pme loaded
[    4.409718] pcieport 0000:00:17.6: Signaling PME through PCIe PME interrupt
[    4.409752] pcie_pme 0000:00:17.6:pcie001: service driver pcie_pme loaded
[    4.409796] pcieport 0000:00:17.7: Signaling PME through PCIe PME interrupt
[    4.409818] pcie_pme 0000:00:17.7:pcie001: service driver pcie_pme loaded
[    4.409862] pcieport 0000:00:18.0: Signaling PME through PCIe PME interrupt
[    4.409884] pcie_pme 0000:00:18.0:pcie001: service driver pcie_pme loaded
[    4.409928] pcieport 0000:00:18.1: Signaling PME through PCIe PME interrupt
[    4.409950] pcie_pme 0000:00:18.1:pcie001: service driver pcie_pme loaded
[    4.409994] pcieport 0000:00:18.2: Signaling PME through PCIe PME interrupt
[    4.410017] pcie_pme 0000:00:18.2:pcie001: service driver pcie_pme loaded
[    4.410061] pcieport 0000:00:18.3: Signaling PME through PCIe PME interrupt
[    4.410083] pcie_pme 0000:00:18.3:pcie001: service driver pcie_pme loaded
[    4.410131] pcieport 0000:00:18.4: Signaling PME through PCIe PME interrupt
[    4.410153] pcie_pme 0000:00:18.4:pcie001: service driver pcie_pme loaded
[    4.410200] pcieport 0000:00:18.5: Signaling PME through PCIe PME interrupt
[    4.410222] pcie_pme 0000:00:18.5:pcie001: service driver pcie_pme loaded
[    4.410266] pcieport 0000:00:18.6: Signaling PME through PCIe PME interrupt
[    4.410288] pcie_pme 0000:00:18.6:pcie001: service driver pcie_pme loaded
[    4.410336] pcieport 0000:00:18.7: Signaling PME through PCIe PME interrupt
[    4.410359] pcie_pme 0000:00:18.7:pcie001: service driver pcie_pme loaded
[    4.410366] pci_hotplug: PCI Hot Plug PCI Core version: 0.5
[    4.410410] pciehp 0000:00:15.0:pcie004: Slot #160 AttnBtn+ PwrCtrl+ MRL- AttnInd- PwrInd- HotPlug+ Surprise- Interlock- NoCompl+ LLActRep+
[    4.410498] pciehp 0000:00:15.0:pcie004: service driver pciehp loaded
[    4.410534] pciehp 0000:00:15.1:pcie004: Slot #161 AttnBtn+ PwrCtrl+ MRL- AttnInd- PwrInd- HotPlug+ Surprise- Interlock- NoCompl+ LLActRep+
[    4.410600] pciehp 0000:00:15.1:pcie004: service driver pciehp loaded
[    4.410636] pciehp 0000:00:15.2:pcie004: Slot #162 AttnBtn+ PwrCtrl+ MRL- AttnInd- PwrInd- HotPlug+ Surprise- Interlock- NoCompl+ LLActRep+
[    4.410700] pciehp 0000:00:15.2:pcie004: service driver pciehp loaded
[    4.410737] pciehp 0000:00:15.3:pcie004: Slot #163 AttnBtn+ PwrCtrl+ MRL- AttnInd- PwrInd- HotPlug+ Surprise- Interlock- NoCompl+ LLActRep+
[    4.410836] pciehp 0000:00:15.3:pcie004: service driver pciehp loaded
[    4.410873] pciehp 0000:00:15.4:pcie004: Slot #164 AttnBtn+ PwrCtrl+ MRL- AttnInd- PwrInd- HotPlug+ Surprise- Interlock- NoCompl+ LLActRep+
[    4.410938] pciehp 0000:00:15.4:pcie004: service driver pciehp loaded
[    4.410974] pciehp 0000:00:15.5:pcie004: Slot #165 AttnBtn+ PwrCtrl+ MRL- AttnInd- PwrInd- HotPlug+ Surprise- Interlock- NoCompl+ LLActRep+
[    4.411038] pciehp 0000:00:15.5:pcie004: service driver pciehp loaded
[    4.411074] pciehp 0000:00:15.6:pcie004: Slot #166 AttnBtn+ PwrCtrl+ MRL- AttnInd- PwrInd- HotPlug+ Surprise- Interlock- NoCompl+ LLActRep+
[    4.411139] pciehp 0000:00:15.6:pcie004: service driver pciehp loaded
[    4.411175] pciehp 0000:00:15.7:pcie004: Slot #167 AttnBtn+ PwrCtrl+ MRL- AttnInd- PwrInd- HotPlug+ Surprise- Interlock- NoCompl+ LLActRep+
[    4.411237] pciehp 0000:00:15.7:pcie004: service driver pciehp loaded
[    4.411273] pciehp 0000:00:16.0:pcie004: Slot #192 AttnBtn+ PwrCtrl+ MRL- AttnInd- PwrInd- HotPlug+ Surprise- Interlock- NoCompl+ LLActRep+
[    4.411418] pciehp 0000:00:16.0:pcie004: service driver pciehp loaded
[    4.411457] pciehp 0000:00:16.1:pcie004: Slot #193 AttnBtn+ PwrCtrl+ MRL- AttnInd- PwrInd- HotPlug+ Surprise- Interlock- NoCompl+ LLActRep+
[    4.411523] pciehp 0000:00:16.1:pcie004: service driver pciehp loaded
[    4.411562] pciehp 0000:00:16.2:pcie004: Slot #194 AttnBtn+ PwrCtrl+ MRL- AttnInd- PwrInd- HotPlug+ Surprise- Interlock- NoCompl+ LLActRep+
[    4.411628] pciehp 0000:00:16.2:pcie004: service driver pciehp loaded
[    4.411667] pciehp 0000:00:16.3:pcie004: Slot #195 AttnBtn+ PwrCtrl+ MRL- AttnInd- PwrInd- HotPlug+ Surprise- Interlock- NoCompl+ LLActRep+
[    4.411748] pciehp 0000:00:16.3:pcie004: service driver pciehp loaded
[    4.411787] pciehp 0000:00:16.4:pcie004: Slot #196 AttnBtn+ PwrCtrl+ MRL- AttnInd- PwrInd- HotPlug+ Surprise- Interlock- NoCompl+ LLActRep+
[    4.411853] pciehp 0000:00:16.4:pcie004: service driver pciehp loaded
[    4.411892] pciehp 0000:00:16.5:pcie004: Slot #197 AttnBtn+ PwrCtrl+ MRL- AttnInd- PwrInd- HotPlug+ Surprise- Interlock- NoCompl+ LLActRep+
[    4.411958] pciehp 0000:00:16.5:pcie004: service driver pciehp loaded
[    4.411997] pciehp 0000:00:16.6:pcie004: Slot #198 AttnBtn+ PwrCtrl+ MRL- AttnInd- PwrInd- HotPlug+ Surprise- Interlock- NoCompl+ LLActRep+
[    4.412062] pciehp 0000:00:16.6:pcie004: service driver pciehp loaded
[    4.412101] pciehp 0000:00:16.7:pcie004: Slot #199 AttnBtn+ PwrCtrl+ MRL- AttnInd- PwrInd- HotPlug+ Surprise- Interlock- NoCompl+ LLActRep+
[    4.412167] pciehp 0000:00:16.7:pcie004: service driver pciehp loaded
[    4.412206] pciehp 0000:00:17.0:pcie004: Slot #224 AttnBtn+ PwrCtrl+ MRL- AttnInd- PwrInd- HotPlug+ Surprise- Interlock- NoCompl+ LLActRep+
[    4.412271] pciehp 0000:00:17.0:pcie004: service driver pciehp loaded
[    4.412309] pciehp 0000:00:17.1:pcie004: Slot #225 AttnBtn+ PwrCtrl+ MRL- AttnInd- PwrInd- HotPlug+ Surprise- Interlock- NoCompl+ LLActRep+
[    4.412375] pciehp 0000:00:17.1:pcie004: service driver pciehp loaded
[    4.412414] pciehp 0000:00:17.2:pcie004: Slot #226 AttnBtn+ PwrCtrl+ MRL- AttnInd- PwrInd- HotPlug+ Surprise- Interlock- NoCompl+ LLActRep+
[    4.412504] pciehp 0000:00:17.2:pcie004: service driver pciehp loaded
[    4.412542] pciehp 0000:00:17.3:pcie004: Slot #227 AttnBtn+ PwrCtrl+ MRL- AttnInd- PwrInd- HotPlug+ Surprise- Interlock- NoCompl+ LLActRep+
[    4.412608] pciehp 0000:00:17.3:pcie004: service driver pciehp loaded
[    4.412647] pciehp 0000:00:17.4:pcie004: Slot #228 AttnBtn+ PwrCtrl+ MRL- AttnInd- PwrInd- HotPlug+ Surprise- Interlock- NoCompl+ LLActRep+
[    4.412713] pciehp 0000:00:17.4:pcie004: service driver pciehp loaded
[    4.412752] pciehp 0000:00:17.5:pcie004: Slot #229 AttnBtn+ PwrCtrl+ MRL- AttnInd- PwrInd- HotPlug+ Surprise- Interlock- NoCompl+ LLActRep+
[    4.412820] pciehp 0000:00:17.5:pcie004: service driver pciehp loaded
[    4.412864] pciehp 0000:00:17.6:pcie004: Slot #230 AttnBtn+ PwrCtrl+ MRL- AttnInd- PwrInd- HotPlug+ Surprise- Interlock- NoCompl+ LLActRep+
[    4.412941] pciehp 0000:00:17.6:pcie004: service driver pciehp loaded
[    4.412985] pciehp 0000:00:17.7:pcie004: Slot #231 AttnBtn+ PwrCtrl+ MRL- AttnInd- PwrInd- HotPlug+ Surprise- Interlock- NoCompl+ LLActRep+
[    4.413053] pciehp 0000:00:17.7:pcie004: service driver pciehp loaded
[    4.413097] pciehp 0000:00:18.0:pcie004: Slot #256 AttnBtn+ PwrCtrl+ MRL- AttnInd- PwrInd- HotPlug+ Surprise- Interlock- NoCompl+ LLActRep+
[    4.413165] pciehp 0000:00:18.0:pcie004: service driver pciehp loaded
[    4.413204] pciehp 0000:00:18.1:pcie004: Slot #257 AttnBtn+ PwrCtrl+ MRL- AttnInd- PwrInd- HotPlug+ Surprise- Interlock- NoCompl+ LLActRep+
[    4.413270] pciehp 0000:00:18.1:pcie004: service driver pciehp loaded
[    4.413310] pciehp 0000:00:18.2:pcie004: Slot #258 AttnBtn+ PwrCtrl+ MRL- AttnInd- PwrInd- HotPlug+ Surprise- Interlock- NoCompl+ LLActRep+
[    4.413400] pciehp 0000:00:18.2:pcie004: service driver pciehp loaded
[    4.413444] pciehp 0000:00:18.3:pcie004: Slot #259 AttnBtn+ PwrCtrl+ MRL- AttnInd- PwrInd- HotPlug+ Surprise- Interlock- NoCompl+ LLActRep+
[    4.413519] pciehp 0000:00:18.3:pcie004: service driver pciehp loaded
[    4.413563] pciehp 0000:00:18.4:pcie004: Slot #260 AttnBtn+ PwrCtrl+ MRL- AttnInd- PwrInd- HotPlug+ Surprise- Interlock- NoCompl+ LLActRep+
[    4.413639] pciehp 0000:00:18.4:pcie004: service driver pciehp loaded
[    4.413679] pciehp 0000:00:18.5:pcie004: Slot #261 AttnBtn+ PwrCtrl+ MRL- AttnInd- PwrInd- HotPlug+ Surprise- Interlock- NoCompl+ LLActRep+
[    4.413761] pciehp 0000:00:18.5:pcie004: service driver pciehp loaded
[    4.413803] pciehp 0000:00:18.6:pcie004: Slot #262 AttnBtn+ PwrCtrl+ MRL- AttnInd- PwrInd- HotPlug+ Surprise- Interlock- NoCompl+ LLActRep+
[    4.413860] pciehp 0000:00:18.6:pcie004: service driver pciehp loaded
[    4.413904] pciehp 0000:00:18.7:pcie004: Slot #263 AttnBtn+ PwrCtrl+ MRL- AttnInd- PwrInd- HotPlug+ Surprise- Interlock- NoCompl+ LLActRep+
[    4.413960] pciehp 0000:00:18.7:pcie004: service driver pciehp loaded
[    4.413971] pciehp: PCI Express Hot Plug Controller Driver version: 0.4
[    4.414028] intel_idle: does not run on family 6 model 58
[    4.414164] ACPI: AC Adapter [ACAD] (on-line)
[    4.414237] input: Power Button as /devices/LNXSYSTM:00/LNXPWRBN:00/input/input0
[    4.414240] ACPI: Power Button [PWRF]
[    4.415663] GHES: HEST is not enabled!
[    4.415731] Serial: 8250/16550 driver, 32 ports, IRQ sharing enabled
[    4.439178] 00:05: ttyS0 at I/O 0x3f8 (irq = 4, base_baud = 115200) is a 16550A
[    4.440469] Linux agpgart interface v0.103
[    4.440513] agpgart-intel 0000:00:00.0: Intel 440BX Chipset
[    4.440768] agpgart-intel 0000:00:00.0: AGP aperture is 256M @ 0x0
[    4.444682] brd: module loaded
[    4.446627] loop: module loaded
[    4.446774] ahci 0000:02:05.0: version 3.0
[    4.447245] ahci 0000:02:05.0: AHCI 0001.0300 32 slots 30 ports 6 Gbps 0x3fffffff impl SATA mode
[    4.447248] ahci 0000:02:05.0: flags: 64bit ncq clo only 
[    4.449236] scsi host0: ahci
[    4.449477] scsi host1: ahci
[    4.449686] scsi host2: ahci
[    4.449877] scsi host3: ahci
[    4.450072] scsi host4: ahci
[    4.450267] scsi host5: ahci
[    4.450466] scsi host6: ahci
[    4.450652] scsi host7: ahci
[    4.450816] scsi host8: ahci
[    4.450979] scsi host9: ahci
[    4.451142] scsi host10: ahci
[    4.451336] scsi host11: ahci
[    4.451500] scsi host12: ahci
[    4.451664] scsi host13: ahci
[    4.451863] scsi host14: ahci
[    4.452037] scsi host15: ahci
[    4.452203] scsi host16: ahci
[    4.452381] scsi host17: ahci
[    4.452561] scsi host18: ahci
[    4.452723] scsi host19: ahci
[    4.452884] scsi host20: ahci
[    4.453045] scsi host21: ahci
[    4.453222] scsi host22: ahci
[    4.453387] scsi host23: ahci
[    4.453559] scsi host24: ahci
[    4.453721] scsi host25: ahci
[    4.454006] scsi host26: ahci
[    4.454284] scsi host27: ahci
[    4.454476] scsi host28: ahci
[    4.454654] scsi host29: ahci
[    4.454698] ata1: SATA max UDMA/133 abar m4096@0xfd5ee000 port 0xfd5ee100 irq 56
[    4.454700] ata2: SATA max UDMA/133 abar m4096@0xfd5ee000 port 0xfd5ee180 irq 56
[    4.454701] ata3: SATA max UDMA/133 abar m4096@0xfd5ee000 port 0xfd5ee200 irq 56
[    4.454702] ata4: SATA max UDMA/133 abar m4096@0xfd5ee000 port 0xfd5ee280 irq 56
[    4.454704] ata5: SATA max UDMA/133 abar m4096@0xfd5ee000 port 0xfd5ee300 irq 56
[    4.454705] ata6: SATA max UDMA/133 abar m4096@0xfd5ee000 port 0xfd5ee380 irq 56
[    4.454707] ata7: SATA max UDMA/133 abar m4096@0xfd5ee000 port 0xfd5ee400 irq 56
[    4.454708] ata8: SATA max UDMA/133 abar m4096@0xfd5ee000 port 0xfd5ee480 irq 56
[    4.454710] ata9: SATA max UDMA/133 abar m4096@0xfd5ee000 port 0xfd5ee500 irq 56
[    4.454712] ata10: SATA max UDMA/133 abar m4096@0xfd5ee000 port 0xfd5ee580 irq 56
[    4.454713] ata11: SATA max UDMA/133 abar m4096@0xfd5ee000 port 0xfd5ee600 irq 56
[    4.454714] ata12: SATA max UDMA/133 abar m4096@0xfd5ee000 port 0xfd5ee680 irq 56
[    4.454716] ata13: SATA max UDMA/133 abar m4096@0xfd5ee000 port 0xfd5ee700 irq 56
[    4.454717] ata14: SATA max UDMA/133 abar m4096@0xfd5ee000 port 0xfd5ee780 irq 56
[    4.454719] ata15: SATA max UDMA/133 abar m4096@0xfd5ee000 port 0xfd5ee800 irq 56
[    4.454720] ata16: SATA max UDMA/133 abar m4096@0xfd5ee000 port 0xfd5ee880 irq 56
[    4.454722] ata17: SATA max UDMA/133 abar m4096@0xfd5ee000 port 0xfd5ee900 irq 56
[    4.454723] ata18: SATA max UDMA/133 abar m4096@0xfd5ee000 port 0xfd5ee980 irq 56
[    4.454725] ata19: SATA max UDMA/133 abar m4096@0xfd5ee000 port 0xfd5eea00 irq 56
[    4.454726] ata20: SATA max UDMA/133 abar m4096@0xfd5ee000 port 0xfd5eea80 irq 56
[    4.454728] ata21: SATA max UDMA/133 abar m4096@0xfd5ee000 port 0xfd5eeb00 irq 56
[    4.454729] ata22: SATA max UDMA/133 abar m4096@0xfd5ee000 port 0xfd5eeb80 irq 56
[    4.454730] ata23: SATA max UDMA/133 abar m4096@0xfd5ee000 port 0xfd5eec00 irq 56
[    4.454732] ata24: SATA max UDMA/133 abar m4096@0xfd5ee000 port 0xfd5eec80 irq 56
[    4.454734] ata25: SATA max UDMA/133 abar m4096@0xfd5ee000 port 0xfd5eed00 irq 56
[    4.454735] ata26: SATA max UDMA/133 abar m4096@0xfd5ee000 port 0xfd5eed80 irq 56
[    4.454736] ata27: SATA max UDMA/133 abar m4096@0xfd5ee000 port 0xfd5eee00 irq 56
[    4.454738] ata28: SATA max UDMA/133 abar m4096@0xfd5ee000 port 0xfd5eee80 irq 56
[    4.454739] ata29: SATA max UDMA/133 abar m4096@0xfd5ee000 port 0xfd5eef00 irq 56
[    4.454741] ata30: SATA max UDMA/133 abar m4096@0xfd5ee000 port 0xfd5eef80 irq 56
[    4.454780] ata_piix 0000:00:07.1: version 2.13
[    4.455130] scsi host30: ata_piix
[    4.455198] scsi host31: ata_piix
[    4.455240] ata31: PATA max UDMA/33 cmd 0x1f0 ctl 0x3f6 bmdma 0x1060 irq 14
[    4.455241] ata32: PATA max UDMA/33 cmd 0x170 ctl 0x376 bmdma 0x1068 irq 15
[    4.455364] libphy: Fixed MDIO Bus: probed
[    4.455674] tun: Universal TUN/TAP device driver, 1.6
[    4.455675] tun: (C) 1999-2004 Max Krasnyansky <maxk@qualcomm.com>
[    4.457078] PPP generic driver version 2.4.2
[    4.457085] ehci_hcd: USB 2.0 'Enhanced' Host Controller (EHCI) Driver
[    4.457086] ehci-pci: EHCI PCI platform driver
[    4.457225] ehci-pci 0000:02:03.0: EHCI Host Controller
[    4.457230] ehci-pci 0000:02:03.0: new USB bus registered, assigned bus number 1
[    4.457479] ehci-pci 0000:02:03.0: cache line size of 64 is not supported
[    4.457482] ehci-pci 0000:02:03.0: irq 17, io mem 0xfd5ef000
[    4.471242] ehci-pci 0000:02:03.0: USB 2.0 started, EHCI 1.00
[    4.471320] usb usb1: New USB device found, idVendor=1d6b, idProduct=0002
[    4.471322] usb usb1: New USB device strings: Mfr=3, Product=2, SerialNumber=1
[    4.471324] usb usb1: Product: EHCI Host Controller
